uvicorn : INFO:     Will watch for changes in these directories: ['C:\\Users\\delav\\Downloads\\dofimall-sniper\\dofimall-sniper\\backend']
En línea: 1 Carácter: 90
+ ... ipts\Activate.ps1; uvicorn app.main:app --reload > error_log.txt 2>&1
+                        ~~~~~~~~~~~~~~~~~~~~~~~~~~~~~~~~~~~~~~~~~~~~~~~~~~
    + CategoryInfo          : NotSpecified: (INFO:     Will ...iper\\backend']:String) [], RemoteException
    + FullyQualifiedErrorId : NativeCommandError
 
INFO:     Uvicorn running on http://127.0.0.1:8000 (Press CTRL+C to quit)
INFO:     Started reloader process [25172] using WatchFiles
INFO:     Started server process [13148]
INFO:     Waiting for application startup.
2026-04-08 06:03:14.094 | INFO     | app.main:lifespan:471 - \U0001f680 Iniciando DofiMall Sniper...
2026-04-08 06:03:14.136 | INFO     | app.main:seed_admin_user:463 - \U0001f464 Actualizando credenciales del administrador: admin@odubasolar.com
2026-04-08 06:03:14.155 | INFO     | app.main:seed_admin_user:466 - \u2705 Contrase±a de administrador sincronizada
2026-04-08 06:03:14.155 | INFO     | app.main:lifespan:479 - \u23f0 Scheduler iniciado ù Orchestrator de Hilos corriendo cada 5s
2026-04-08 06:03:14.156 | INFO     | app.main:lifespan:502 - \u23f0 Scheduler activado (Keep-alive programado cada 3 min)
2026-04-08 06:03:14.156 | INFO     | app.main:init_browser_background:404 - \U0001f30d Iniciando gestor de navegador de sesi¾n en segundo plano...
2026-04-08 06:03:14.157 | INFO     | app.scraper.browser:start:28 - \U0001f310 Iniciando Playwright browser en modo persistente... Directorio: 
C:\Users\delav\Downloads\dofimall-sniper\dofimall-sniper\backend\browser_data
INFO:     Application startup complete.
Task exception was never retrieved
future: <Task finished name='Task-6' coro=<Connection.run() done, defined at C:\Users\delav\Downloads\dofimall-sniper\dofimall-sniper\backend\venv\Lib\site-packages\playwright\_impl\_connection.py:272> 
exception=NotImplementedError()>
Traceback (most recent call last):
  File "C:\Users\delav\Downloads\dofimall-sniper\dofimall-sniper\backend\venv\Lib\site-packages\playwright\_impl\_connection.py", line 279, in run
    await self._transport.connect()
  File "C:\Users\delav\Downloads\dofimall-sniper\dofimall-sniper\backend\venv\Lib\site-packages\playwright\_impl\_transport.py", line 133, in connect
    raise exc
  File "C:\Users\delav\Downloads\dofimall-sniper\dofimall-sniper\backend\venv\Lib\site-packages\playwright\_impl\_transport.py", line 120, in connect
    self._proc = await asyncio.create_subprocess_exec(
                 ^^^^^^^^^^^^^^^^^^^^^^^^^^^^^^^^^^^^^
  File "C:\Users\delav\AppData\Local\Programs\Python\Python312\Lib\asyncio\subprocess.py", line 224, in create_subprocess_exec
    transport, protocol = await loop.subprocess_exec(
                          ^^^^^^^^^^^^^^^^^^^^^^^^^^^
  File "C:\Users\delav\AppData\Local\Programs\Python\Python312\Lib\asyncio\base_events.py", line 1756, in subprocess_exec
    transport = await self._make_subprocess_transport(
                ^^^^^^^^^^^^^^^^^^^^^^^^^^^^^^^^^^^^^^
  File "C:\Users\delav\AppData\Local\Programs\Python\Python312\Lib\asyncio\base_events.py", line 528, in _make_subprocess_transport
    raise NotImplementedError
NotImplementedError
2026-04-08 06:03:14.159 | ERROR    | app.main:init_browser_background:408 - \u274c No se pudo iniciar el navegador de Playwright: 
2026-04-08 06:03:14.159 | WARNING  | app.main:init_browser_background:409 - El auto-checkout no funcionarß, compruÚbalo ejecutando login_manager.py primero
INFO:     127.0.0.1:2424 - "GET /api/settings/session-status-fast HTTP/1.1" 200 OK
INFO:     127.0.0.1:2423 - "GET /api/categories HTTP/1.1" 200 OK
INFO:     127.0.0.1:1129 - "GET /api/dashboard HTTP/1.1" 500 Internal Server Error
ERROR:    Exception in ASGI application
Traceback (most recent call last):
  File "C:\Users\delav\Downloads\dofimall-sniper\dofimall-sniper\backend\venv\Lib\site-packages\sqlalchemy\sql\sqltypes.py", line 1625, in _object_value_for_elem
    return self._object_lookup[elem]
           ~~~~~~~~~~~~~~~~~~~^^^^^^
KeyError: 'IN_STOCK'

The above exception was the direct cause of the following exception:

Traceback (most recent call last):
  File "C:\Users\delav\Downloads\dofimall-sniper\dofimall-sniper\backend\venv\Lib\site-packages\uvicorn\protocols\http\httptools_impl.py", line 409, in run_asgi
    result = await app(  # type: ignore[func-returns-value]
             ^^^^^^^^^^^^^^^^^^^^^^^^^^^^^^^^^^^^^^^^^^^^^^
  File "C:\Users\delav\Downloads\dofimall-sniper\dofimall-sniper\backend\venv\Lib\site-packages\uvicorn\middleware\proxy_headers.py", line 60, in __call__
    return await self.app(scope, receive, send)
           ^^^^^^^^^^^^^^^^^^^^^^^^^^^^^^^^^^^^
  File "C:\Users\delav\Downloads\dofimall-sniper\dofimall-sniper\backend\venv\Lib\site-packages\fastapi\applications.py", line 1054, in __call__
    await super().__call__(scope, receive, send)
  File "C:\Users\delav\Downloads\dofimall-sniper\dofimall-sniper\backend\venv\Lib\site-packages\starlette\applications.py", line 113, in __call__
    await self.middleware_stack(scope, receive, send)
  File "C:\Users\delav\Downloads\dofimall-sniper\dofimall-sniper\backend\venv\Lib\site-packages\starlette\middleware\errors.py", line 187, in __call__
    raise exc
  File "C:\Users\delav\Downloads\dofimall-sniper\dofimall-sniper\backend\venv\Lib\site-packages\starlette\middleware\errors.py", line 165, in __call__
    await self.app(scope, receive, _send)
  File "C:\Users\delav\Downloads\dofimall-sniper\dofimall-sniper\backend\venv\Lib\site-packages\starlette\middleware\cors.py", line 85, in __call__
    await self.app(scope, receive, send)
  File "C:\Users\delav\Downloads\dofimall-sniper\dofimall-sniper\backend\venv\Lib\site-packages\starlette\middleware\exceptions.py", line 62, in __call__
    await wrap_app_handling_exceptions(self.app, conn)(scope, receive, send)
  File "C:\Users\delav\Downloads\dofimall-sniper\dofimall-sniper\backend\venv\Lib\site-packages\starlette\_exception_handler.py", line 53, in wrapped_app
    raise exc
  File "C:\Users\delav\Downloads\dofimall-sniper\dofimall-sniper\backend\venv\Lib\site-packages\starlette\_exception_handler.py", line 42, in wrapped_app
    await app(scope, receive, sender)
  File "C:\Users\delav\Downloads\dofimall-sniper\dofimall-sniper\backend\venv\Lib\site-packages\starlette\routing.py", line 715, in __call__
    await self.middleware_stack(scope, receive, send)
  File "C:\Users\delav\Downloads\dofimall-sniper\dofimall-sniper\backend\venv\Lib\site-packages\starlette\routing.py", line 735, in app
    await route.handle(scope, receive, send)
  File "C:\Users\delav\Downloads\dofimall-sniper\dofimall-sniper\backend\venv\Lib\site-packages\starlette\routing.py", line 288, in handle
    await self.app(scope, receive, send)
  File "C:\Users\delav\Downloads\dofimall-sniper\dofimall-sniper\backend\venv\Lib\site-packages\starlette\routing.py", line 76, in app
    await wrap_app_handling_exceptions(app, request)(scope, receive, send)
  File "C:\Users\delav\Downloads\dofimall-sniper\dofimall-sniper\backend\venv\Lib\site-packages\starlette\_exception_handler.py", line 53, in wrapped_app
    raise exc
  File "C:\Users\delav\Downloads\dofimall-sniper\dofimall-sniper\backend\venv\Lib\site-packages\starlette\_exception_handler.py", line 42, in wrapped_app
    await app(scope, receive, sender)
  File "C:\Users\delav\Downloads\dofimall-sniper\dofimall-sniper\backend\venv\Lib\site-packages\starlette\routing.py", line 73, in app
    response = await f(request)
               ^^^^^^^^^^^^^^^^
  File "C:\Users\delav\Downloads\dofimall-sniper\dofimall-sniper\backend\venv\Lib\site-packages\fastapi\routing.py", line 301, in app
    raw_response = await run_endpoint_function(
                   ^^^^^^^^^^^^^^^^^^^^^^^^^^^^
  File "C:\Users\delav\Downloads\dofimall-sniper\dofimall-sniper\backend\venv\Lib\site-packages\fastapi\routing.py", line 212, in run_endpoint_function
    return await dependant.call(**values)
           ^^^^^^^^^^^^^^^^^^^^^^^^^^^^^^
  File "C:\Users\delav\Downloads\dofimall-sniper\dofimall-sniper\backend\app\main.py", line 552, in get_dashboard
    products = await db.execute(select(Product))
               ^^^^^^^^^^^^^^^^^^^^^^^^^^^^^^^^^
  File "C:\Users\delav\Downloads\dofimall-sniper\dofimall-sniper\backend\venv\Lib\site-packages\sqlalchemy\ext\asyncio\session.py", line 461, in execute
    result = await greenlet_spawn(
             ^^^^^^^^^^^^^^^^^^^^^
  File "C:\Users\delav\Downloads\dofimall-sniper\dofimall-sniper\backend\venv\Lib\site-packages\sqlalchemy\util\_concurrency_py3k.py", line 203, in greenlet_spawn
    result = context.switch(value)
             ^^^^^^^^^^^^^^^^^^^^^
  File "C:\Users\delav\Downloads\dofimall-sniper\dofimall-sniper\backend\venv\Lib\site-packages\sqlalchemy\orm\session.py", line 2362, in execute
    return self._execute_internal(
           ^^^^^^^^^^^^^^^^^^^^^^^
  File "C:\Users\delav\Downloads\dofimall-sniper\dofimall-sniper\backend\venv\Lib\site-packages\sqlalchemy\orm\session.py", line 2247, in _execute_internal
    result: Result[Any] = compile_state_cls.orm_execute_statement(
                          ^^^^^^^^^^^^^^^^^^^^^^^^^^^^^^^^^^^^^^^^
  File "C:\Users\delav\Downloads\dofimall-sniper\dofimall-sniper\backend\venv\Lib\site-packages\sqlalchemy\orm\context.py", line 308, in orm_execute_statement
    return cls.orm_setup_cursor_result(
           ^^^^^^^^^^^^^^^^^^^^^^^^^^^^
  File "C:\Users\delav\Downloads\dofimall-sniper\dofimall-sniper\backend\venv\Lib\site-packages\sqlalchemy\orm\context.py", line 600, in orm_setup_cursor_result
    return loading.instances(result, querycontext)
           ^^^^^^^^^^^^^^^^^^^^^^^^^^^^^^^^^^^^^^^
  File "C:\Users\delav\Downloads\dofimall-sniper\dofimall-sniper\backend\venv\Lib\site-packages\sqlalchemy\orm\loading.py", line 261, in instances
    _prebuffered = list(chunks(None))
                   ^^^^^^^^^^^^^^^^^^
  File "C:\Users\delav\Downloads\dofimall-sniper\dofimall-sniper\backend\venv\Lib\site-packages\sqlalchemy\orm\loading.py", line 219, in chunks
    fetch = cursor._raw_all_rows()
            ^^^^^^^^^^^^^^^^^^^^^^
  File "C:\Users\delav\Downloads\dofimall-sniper\dofimall-sniper\backend\venv\Lib\site-packages\sqlalchemy\engine\result.py", line 541, in _raw_all_rows
    return [make_row(row) for row in rows]
            ^^^^^^^^^^^^^
  File "lib\\sqlalchemy\\cyextension\\resultproxy.pyx", line 22, in sqlalchemy.cyextension.resultproxy.BaseRow.__init__
  File "lib\\sqlalchemy\\cyextension\\resultproxy.pyx", line 79, in sqlalchemy.cyextension.resultproxy._apply_processors
  File "C:\Users\delav\Downloads\dofimall-sniper\dofimall-sniper\backend\venv\Lib\site-packages\sqlalchemy\sql\sqltypes.py", line 1745, in process
    value = self._object_value_for_elem(value)
            ^^^^^^^^^^^^^^^^^^^^^^^^^^^^^^^^^^
  File "C:\Users\delav\Downloads\dofimall-sniper\dofimall-sniper\backend\venv\Lib\site-packages\sqlalchemy\sql\sqltypes.py", line 1627, in _object_value_for_elem
    raise LookupError(
LookupError: 'IN_STOCK' is not among the defined enum values. Enum name: productstatus. Possible values: MONITORING, PAUSED
INFO:     127.0.0.1:13063 - "GET /api/products/ HTTP/1.1" 500 Internal Server Error
ERROR:    Exception in ASGI application
Traceback (most recent call last):
  File "C:\Users\delav\Downloads\dofimall-sniper\dofimall-sniper\backend\venv\Lib\site-packages\sqlalchemy\sql\sqltypes.py", line 1625, in _object_value_for_elem
    return self._object_lookup[elem]
           ~~~~~~~~~~~~~~~~~~~^^^^^^
KeyError: 'RESERVED'

The above exception was the direct cause of the following exception:

Traceback (most recent call last):
  File "C:\Users\delav\Downloads\dofimall-sniper\dofimall-sniper\backend\venv\Lib\site-packages\uvicorn\protocols\http\httptools_impl.py", line 409, in run_asgi
    result = await app(  # type: ignore[func-returns-value]
             ^^^^^^^^^^^^^^^^^^^^^^^^^^^^^^^^^^^^^^^^^^^^^^
  File "C:\Users\delav\Downloads\dofimall-sniper\dofimall-sniper\backend\venv\Lib\site-packages\uvicorn\middleware\proxy_headers.py", line 60, in __call__
    return await self.app(scope, receive, send)
           ^^^^^^^^^^^^^^^^^^^^^^^^^^^^^^^^^^^^
  File "C:\Users\delav\Downloads\dofimall-sniper\dofimall-sniper\backend\venv\Lib\site-packages\fastapi\applications.py", line 1054, in __call__
    await super().__call__(scope, receive, send)
  File "C:\Users\delav\Downloads\dofimall-sniper\dofimall-sniper\backend\venv\Lib\site-packages\starlette\applications.py", line 113, in __call__
    await self.middleware_stack(scope, receive, send)
  File "C:\Users\delav\Downloads\dofimall-sniper\dofimall-sniper\backend\venv\Lib\site-packages\starlette\middleware\errors.py", line 187, in __call__
    raise exc
  File "C:\Users\delav\Downloads\dofimall-sniper\dofimall-sniper\backend\venv\Lib\site-packages\starlette\middleware\errors.py", line 165, in __call__
    await self.app(scope, receive, _send)
  File "C:\Users\delav\Downloads\dofimall-sniper\dofimall-sniper\backend\venv\Lib\site-packages\starlette\middleware\cors.py", line 85, in __call__
    await self.app(scope, receive, send)
  File "C:\Users\delav\Downloads\dofimall-sniper\dofimall-sniper\backend\venv\Lib\site-packages\starlette\middleware\exceptions.py", line 62, in __call__
    await wrap_app_handling_exceptions(self.app, conn)(scope, receive, send)
  File "C:\Users\delav\Downloads\dofimall-sniper\dofimall-sniper\backend\venv\Lib\site-packages\starlette\_exception_handler.py", line 53, in wrapped_app
    raise exc
  File "C:\Users\delav\Downloads\dofimall-sniper\dofimall-sniper\backend\venv\Lib\site-packages\starlette\_exception_handler.py", line 42, in wrapped_app
    await app(scope, receive, sender)
  File "C:\Users\delav\Downloads\dofimall-sniper\dofimall-sniper\backend\venv\Lib\site-packages\starlette\routing.py", line 715, in __call__
    await self.middleware_stack(scope, receive, send)
  File "C:\Users\delav\Downloads\dofimall-sniper\dofimall-sniper\backend\venv\Lib\site-packages\starlette\routing.py", line 735, in app
    await route.handle(scope, receive, send)
  File "C:\Users\delav\Downloads\dofimall-sniper\dofimall-sniper\backend\venv\Lib\site-packages\starlette\routing.py", line 288, in handle
    await self.app(scope, receive, send)
  File "C:\Users\delav\Downloads\dofimall-sniper\dofimall-sniper\backend\venv\Lib\site-packages\starlette\routing.py", line 76, in app
    await wrap_app_handling_exceptions(app, request)(scope, receive, send)
  File "C:\Users\delav\Downloads\dofimall-sniper\dofimall-sniper\backend\venv\Lib\site-packages\starlette\_exception_handler.py", line 53, in wrapped_app
    raise exc
  File "C:\Users\delav\Downloads\dofimall-sniper\dofimall-sniper\backend\venv\Lib\site-packages\starlette\_exception_handler.py", line 42, in wrapped_app
    await app(scope, receive, sender)
  File "C:\Users\delav\Downloads\dofimall-sniper\dofimall-sniper\backend\venv\Lib\site-packages\starlette\routing.py", line 73, in app
    response = await f(request)
               ^^^^^^^^^^^^^^^^
  File "C:\Users\delav\Downloads\dofimall-sniper\dofimall-sniper\backend\venv\Lib\site-packages\fastapi\routing.py", line 301, in app
    raw_response = await run_endpoint_function(
                   ^^^^^^^^^^^^^^^^^^^^^^^^^^^^
  File "C:\Users\delav\Downloads\dofimall-sniper\dofimall-sniper\backend\venv\Lib\site-packages\fastapi\routing.py", line 212, in run_endpoint_function
    return await dependant.call(**values)
           ^^^^^^^^^^^^^^^^^^^^^^^^^^^^^^
  File "C:\Users\delav\Downloads\dofimall-sniper\dofimall-sniper\backend\app\api\products.py", line 31, in get_products
    result = await db.execute(query)
             ^^^^^^^^^^^^^^^^^^^^^^^
  File "C:\Users\delav\Downloads\dofimall-sniper\dofimall-sniper\backend\venv\Lib\site-packages\sqlalchemy\ext\asyncio\session.py", line 461, in execute
    result = await greenlet_spawn(
             ^^^^^^^^^^^^^^^^^^^^^
  File "C:\Users\delav\Downloads\dofimall-sniper\dofimall-sniper\backend\venv\Lib\site-packages\sqlalchemy\util\_concurrency_py3k.py", line 203, in greenlet_spawn
    result = context.switch(value)
             ^^^^^^^^^^^^^^^^^^^^^
  File "C:\Users\delav\Downloads\dofimall-sniper\dofimall-sniper\backend\venv\Lib\site-packages\sqlalchemy\orm\session.py", line 2362, in execute
    return self._execute_internal(
           ^^^^^^^^^^^^^^^^^^^^^^^
  File "C:\Users\delav\Downloads\dofimall-sniper\dofimall-sniper\backend\venv\Lib\site-packages\sqlalchemy\orm\session.py", line 2247, in _execute_internal
    result: Result[Any] = compile_state_cls.orm_execute_statement(
                          ^^^^^^^^^^^^^^^^^^^^^^^^^^^^^^^^^^^^^^^^
  File "C:\Users\delav\Downloads\dofimall-sniper\dofimall-sniper\backend\venv\Lib\site-packages\sqlalchemy\orm\context.py", line 308, in orm_execute_statement
    return cls.orm_setup_cursor_result(
           ^^^^^^^^^^^^^^^^^^^^^^^^^^^^
  File "C:\Users\delav\Downloads\dofimall-sniper\dofimall-sniper\backend\venv\Lib\site-packages\sqlalchemy\orm\context.py", line 600, in orm_setup_cursor_result
    return loading.instances(result, querycontext)
           ^^^^^^^^^^^^^^^^^^^^^^^^^^^^^^^^^^^^^^^
  File "C:\Users\delav\Downloads\dofimall-sniper\dofimall-sniper\backend\venv\Lib\site-packages\sqlalchemy\orm\loading.py", line 261, in instances
    _prebuffered = list(chunks(None))
                   ^^^^^^^^^^^^^^^^^^
  File "C:\Users\delav\Downloads\dofimall-sniper\dofimall-sniper\backend\venv\Lib\site-packages\sqlalchemy\orm\loading.py", line 219, in chunks
    fetch = cursor._raw_all_rows()
            ^^^^^^^^^^^^^^^^^^^^^^
  File "C:\Users\delav\Downloads\dofimall-sniper\dofimall-sniper\backend\venv\Lib\site-packages\sqlalchemy\engine\result.py", line 541, in _raw_all_rows
    return [make_row(row) for row in rows]
            ^^^^^^^^^^^^^
  File "lib\\sqlalchemy\\cyextension\\resultproxy.pyx", line 22, in sqlalchemy.cyextension.resultproxy.BaseRow.__init__
INFO:     127.0.0.1:1194 - "GET /api/logs/?limit=30 HTTP/1.1" 200 OK
  File "lib\\sqlalchemy\\cyextension\\resultproxy.pyx", line 79, in sqlalchemy.cyextension.resultproxy._apply_processors
  File "C:\Users\delav\Downloads\dofimall-sniper\dofimall-sniper\backend\venv\Lib\site-packages\sqlalchemy\sql\sqltypes.py", line 1745, in process
    value = self._object_value_for_elem(value)
            ^^^^^^^^^^^^^^^^^^^^^^^^^^^^^^^^^^
  File "C:\Users\delav\Downloads\dofimall-sniper\dofimall-sniper\backend\venv\Lib\site-packages\sqlalchemy\sql\sqltypes.py", line 1627, in _object_value_for_elem
    raise LookupError(
LookupError: 'RESERVED' is not among the defined enum values. Enum name: productstatus. Possible values: MONITORING, PAUSED
Job "Job Synchronizer (trigger: interval[0:00:05], next run at: 2026-04-08 06:03:24 CEST)" raised an exception
Traceback (most recent call last):
  File "C:\Users\delav\Downloads\dofimall-sniper\dofimall-sniper\backend\venv\Lib\site-packages\sqlalchemy\sql\sqltypes.py", line 1625, in _object_value_for_elem
    return self._object_lookup[elem]
           ~~~~~~~~~~~~~~~~~~~^^^^^^
KeyError: 'IN_STOCK'

The above exception was the direct cause of the following exception:

Traceback (most recent call last):
  File "C:\Users\delav\Downloads\dofimall-sniper\dofimall-sniper\backend\venv\Lib\site-packages\apscheduler\executors\base_py3.py", line 30, in run_coroutine_job
    retval = await job.func(*job.args, **job.kwargs)
             ^^^^^^^^^^^^^^^^^^^^^^^^^^^^^^^^^^^^^^^
  File "C:\Users\delav\Downloads\dofimall-sniper\dofimall-sniper\backend\app\main.py", line 317, in job_synchronizer
    result = await db.execute(select(Product))
             ^^^^^^^^^^^^^^^^^^^^^^^^^^^^^^^^^
  File "C:\Users\delav\Downloads\dofimall-sniper\dofimall-sniper\backend\venv\Lib\site-packages\sqlalchemy\ext\asyncio\session.py", line 461, in execute
    result = await greenlet_spawn(
             ^^^^^^^^^^^^^^^^^^^^^
  File "C:\Users\delav\Downloads\dofimall-sniper\dofimall-sniper\backend\venv\Lib\site-packages\sqlalchemy\util\_concurrency_py3k.py", line 203, in greenlet_spawn
    result = context.switch(value)
             ^^^^^^^^^^^^^^^^^^^^^
  File "C:\Users\delav\Downloads\dofimall-sniper\dofimall-sniper\backend\venv\Lib\site-packages\sqlalchemy\orm\session.py", line 2362, in execute
    return self._execute_internal(
           ^^^^^^^^^^^^^^^^^^^^^^^
  File "C:\Users\delav\Downloads\dofimall-sniper\dofimall-sniper\backend\venv\Lib\site-packages\sqlalchemy\orm\session.py", line 2247, in _execute_internal
    result: Result[Any] = compile_state_cls.orm_execute_statement(
                          ^^^^^^^^^^^^^^^^^^^^^^^^^^^^^^^^^^^^^^^^
  File "C:\Users\delav\Downloads\dofimall-sniper\dofimall-sniper\backend\venv\Lib\site-packages\sqlalchemy\orm\context.py", line 308, in orm_execute_statement
    return cls.orm_setup_cursor_result(
           ^^^^^^^^^^^^^^^^^^^^^^^^^^^^
  File "C:\Users\delav\Downloads\dofimall-sniper\dofimall-sniper\backend\venv\Lib\site-packages\sqlalchemy\orm\context.py", line 600, in orm_setup_cursor_result
    return loading.instances(result, querycontext)
           ^^^^^^^^^^^^^^^^^^^^^^^^^^^^^^^^^^^^^^^
  File "C:\Users\delav\Downloads\dofimall-sniper\dofimall-sniper\backend\venv\Lib\site-packages\sqlalchemy\orm\loading.py", line 261, in instances
    _prebuffered = list(chunks(None))
                   ^^^^^^^^^^^^^^^^^^
  File "C:\Users\delav\Downloads\dofimall-sniper\dofimall-sniper\backend\venv\Lib\site-packages\sqlalchemy\orm\loading.py", line 219, in chunks
    fetch = cursor._raw_all_rows()
            ^^^^^^^^^^^^^^^^^^^^^^
  File "C:\Users\delav\Downloads\dofimall-sniper\dofimall-sniper\backend\venv\Lib\site-packages\sqlalchemy\engine\result.py", line 541, in _raw_all_rows
    return [make_row(row) for row in rows]
            ^^^^^^^^^^^^^
  File "lib\\sqlalchemy\\cyextension\\resultproxy.pyx", line 22, in sqlalchemy.cyextension.resultproxy.BaseRow.__init__
  File "lib\\sqlalchemy\\cyextension\\resultproxy.pyx", line 79, in sqlalchemy.cyextension.resultproxy._apply_processors
  File "C:\Users\delav\Downloads\dofimall-sniper\dofimall-sniper\backend\venv\Lib\site-packages\sqlalchemy\sql\sqltypes.py", line 1745, in process
    value = self._object_value_for_elem(value)
            ^^^^^^^^^^^^^^^^^^^^^^^^^^^^^^^^^^
  File "C:\Users\delav\Downloads\dofimall-sniper\dofimall-sniper\backend\venv\Lib\site-packages\sqlalchemy\sql\sqltypes.py", line 1627, in _object_value_for_elem
    raise LookupError(
LookupError: 'IN_STOCK' is not among the defined enum values. Enum name: productstatus. Possible values: MONITORING, PAUSED
INFO:     127.0.0.1:7976 - "GET /api/dashboard HTTP/1.1" 500 Internal Server Error
ERROR:    Exception in ASGI application
Traceback (most recent call last):
  File "C:\Users\delav\Downloads\dofimall-sniper\dofimall-sniper\backend\venv\Lib\site-packages\sqlalchemy\sql\sqltypes.py", line 1625, in _object_value_for_elem
    return self._object_lookup[elem]
           ~~~~~~~~~~~~~~~~~~~^^^^^^
KeyError: 'IN_STOCK'

The above exception was the direct cause of the following exception:

Traceback (most recent call last):
  File "C:\Users\delav\Downloads\dofimall-sniper\dofimall-sniper\backend\venv\Lib\site-packages\uvicorn\protocols\http\httptools_impl.py", line 409, in run_asgi
    result = await app(  # type: ignore[func-returns-value]
             ^^^^^^^^^^^^^^^^^^^^^^^^^^^^^^^^^^^^^^^^^^^^^^
  File "C:\Users\delav\Downloads\dofimall-sniper\dofimall-sniper\backend\venv\Lib\site-packages\uvicorn\middleware\proxy_headers.py", line 60, in __call__
    return await self.app(scope, receive, send)
           ^^^^^^^^^^^^^^^^^^^^^^^^^^^^^^^^^^^^
  File "C:\Users\delav\Downloads\dofimall-sniper\dofimall-sniper\backend\venv\Lib\site-packages\fastapi\applications.py", line 1054, in __call__
    await super().__call__(scope, receive, send)
  File "C:\Users\delav\Downloads\dofimall-sniper\dofimall-sniper\backend\venv\Lib\site-packages\starlette\applications.py", line 113, in __call__
    await self.middleware_stack(scope, receive, send)
  File "C:\Users\delav\Downloads\dofimall-sniper\dofimall-sniper\backend\venv\Lib\site-packages\starlette\middleware\errors.py", line 187, in __call__
    raise exc
  File "C:\Users\delav\Downloads\dofimall-sniper\dofimall-sniper\backend\venv\Lib\site-packages\starlette\middleware\errors.py", line 165, in __call__
    await self.app(scope, receive, _send)
  File "C:\Users\delav\Downloads\dofimall-sniper\dofimall-sniper\backend\venv\Lib\site-packages\starlette\middleware\cors.py", line 85, in __call__
    await self.app(scope, receive, send)
  File "C:\Users\delav\Downloads\dofimall-sniper\dofimall-sniper\backend\venv\Lib\site-packages\starlette\middleware\exceptions.py", line 62, in __call__
    await wrap_app_handling_exceptions(self.app, conn)(scope, receive, send)
  File "C:\Users\delav\Downloads\dofimall-sniper\dofimall-sniper\backend\venv\Lib\site-packages\starlette\_exception_handler.py", line 53, in wrapped_app
    raise exc
  File "C:\Users\delav\Downloads\dofimall-sniper\dofimall-sniper\backend\venv\Lib\site-packages\starlette\_exception_handler.py", line 42, in wrapped_app
    await app(scope, receive, sender)
  File "C:\Users\delav\Downloads\dofimall-sniper\dofimall-sniper\backend\venv\Lib\site-packages\starlette\routing.py", line 715, in __call__
    await self.middleware_stack(scope, receive, send)
  File "C:\Users\delav\Downloads\dofimall-sniper\dofimall-sniper\backend\venv\Lib\site-packages\starlette\routing.py", line 735, in app
    await route.handle(scope, receive, send)
  File "C:\Users\delav\Downloads\dofimall-sniper\dofimall-sniper\backend\venv\Lib\site-packages\starlette\routing.py", line 288, in handle
    await self.app(scope, receive, send)
  File "C:\Users\delav\Downloads\dofimall-sniper\dofimall-sniper\backend\venv\Lib\site-packages\starlette\routing.py", line 76, in app
    await wrap_app_handling_exceptions(app, request)(scope, receive, send)
  File "C:\Users\delav\Downloads\dofimall-sniper\dofimall-sniper\backend\venv\Lib\site-packages\starlette\_exception_handler.py", line 53, in wrapped_app
    raise exc
  File "C:\Users\delav\Downloads\dofimall-sniper\dofimall-sniper\backend\venv\Lib\site-packages\starlette\_exception_handler.py", line 42, in wrapped_app
    await app(scope, receive, sender)
  File "C:\Users\delav\Downloads\dofimall-sniper\dofimall-sniper\backend\venv\Lib\site-packages\starlette\routing.py", line 73, in app
    response = await f(request)
               ^^^^^^^^^^^^^^^^
  File "C:\Users\delav\Downloads\dofimall-sniper\dofimall-sniper\backend\venv\Lib\site-packages\fastapi\routing.py", line 301, in app
    raw_response = await run_endpoint_function(
                   ^^^^^^^^^^^^^^^^^^^^^^^^^^^^
  File "C:\Users\delav\Downloads\dofimall-sniper\dofimall-sniper\backend\venv\Lib\site-packages\fastapi\routing.py", line 212, in run_endpoint_function
    return await dependant.call(**values)
           ^^^^^^^^^^^^^^^^^^^^^^^^^^^^^^
  File "C:\Users\delav\Downloads\dofimall-sniper\dofimall-sniper\backend\app\main.py", line 552, in get_dashboard
    products = await db.execute(select(Product))
               ^^^^^^^^^^^^^^^^^^^^^^^^^^^^^^^^^
  File "C:\Users\delav\Downloads\dofimall-sniper\dofimall-sniper\backend\venv\Lib\site-packages\sqlalchemy\ext\asyncio\session.py", line 461, in execute
    result = await greenlet_spawn(
             ^^^^^^^^^^^^^^^^^^^^^
  File "C:\Users\delav\Downloads\dofimall-sniper\dofimall-sniper\backend\venv\Lib\site-packages\sqlalchemy\util\_concurrency_py3k.py", line 203, in greenlet_spawn
    result = context.switch(value)
             ^^^^^^^^^^^^^^^^^^^^^
  File "C:\Users\delav\Downloads\dofimall-sniper\dofimall-sniper\backend\venv\Lib\site-packages\sqlalchemy\orm\session.py", line 2362, in execute
    return self._execute_internal(
           ^^^^^^^^^^^^^^^^^^^^^^^
  File "C:\Users\delav\Downloads\dofimall-sniper\dofimall-sniper\backend\venv\Lib\site-packages\sqlalchemy\orm\session.py", line 2247, in _execute_internal
    result: Result[Any] = compile_state_cls.orm_execute_statement(
                          ^^^^^^^^^^^^^^^^^^^^^^^^^^^^^^^^^^^^^^^^
  File "C:\Users\delav\Downloads\dofimall-sniper\dofimall-sniper\backend\venv\Lib\site-packages\sqlalchemy\orm\context.py", line 308, in orm_execute_statement
    return cls.orm_setup_cursor_result(
           ^^^^^^^^^^^^^^^^^^^^^^^^^^^^
  File "C:\Users\delav\Downloads\dofimall-sniper\dofimall-sniper\backend\venv\Lib\site-packages\sqlalchemy\orm\context.py", line 600, in orm_setup_cursor_result
    return loading.instances(result, querycontext)
           ^^^^^^^^^^^^^^^^^^^^^^^^^^^^^^^^^^^^^^^
  File "C:\Users\delav\Downloads\dofimall-sniper\dofimall-sniper\backend\venv\Lib\site-packages\sqlalchemy\orm\loading.py", line 261, in instances
    _prebuffered = list(chunks(None))
                   ^^^^^^^^^^^^^^^^^^
  File "C:\Users\delav\Downloads\dofimall-sniper\dofimall-sniper\backend\venv\Lib\site-packages\sqlalchemy\orm\loading.py", line 219, in chunks
    fetch = cursor._raw_all_rows()
            ^^^^^^^^^^^^^^^^^^^^^^
  File "C:\Users\delav\Downloads\dofimall-sniper\dofimall-sniper\backend\venv\Lib\site-packages\sqlalchemy\engine\result.py", line 541, in _raw_all_rows
    return [make_row(row) for row in rows]
            ^^^^^^^^^^^^^
  File "lib\\sqlalchemy\\cyextension\\resultproxy.pyx", line 22, in sqlalchemy.cyextension.resultproxy.BaseRow.__init__
  File "lib\\sqlalchemy\\cyextension\\resultproxy.pyx", line 79, in sqlalchemy.cyextension.resultproxy._apply_processors
  File "C:\Users\delav\Downloads\dofimall-sniper\dofimall-sniper\backend\venv\Lib\site-packages\sqlalchemy\sql\sqltypes.py", line 1745, in process
    value = self._object_value_for_elem(value)
            ^^^^^^^^^^^^^^^^^^^^^^^^^^^^^^^^^^
  File "C:\Users\delav\Downloads\dofimall-sniper\dofimall-sniper\backend\venv\Lib\site-packages\sqlalchemy\sql\sqltypes.py", line 1627, in _object_value_for_elem
    raise LookupError(
LookupError: 'IN_STOCK' is not among the defined enum values. Enum name: productstatus. Possible values: MONITORING, PAUSED
INFO:     127.0.0.1:7977 - "GET /api/products/ HTTP/1.1" 500 Internal Server Error
ERROR:    Exception in ASGI application
Traceback (most recent call last):
  File "C:\Users\delav\Downloads\dofimall-sniper\dofimall-sniper\backend\venv\Lib\site-packages\sqlalchemy\sql\sqltypes.py", line 1625, in _object_value_for_elem
    return self._object_lookup[elem]
           ~~~~~~~~~~~~~~~~~~~^^^^^^
KeyError: 'RESERVED'

The above exception was the direct cause of the following exception:

Traceback (most recent call last):
  File "C:\Users\delav\Downloads\dofimall-sniper\dofimall-sniper\backend\venv\Lib\site-packages\uvicorn\protocols\http\httptools_impl.py", line 409, in run_asgi
    result = await app(  # type: ignore[func-returns-value]
             ^^^^^^^^^^^^^^^^^^^^^^^^^^^^^^^^^^^^^^^^^^^^^^
  File "C:\Users\delav\Downloads\dofimall-sniper\dofimall-sniper\backend\venv\Lib\site-packages\uvicorn\middleware\proxy_headers.py", line 60, in __call__
    return await self.app(scope, receive, send)
           ^^^^^^^^^^^^^^^^^^^^^^^^^^^^^^^^^^^^
  File "C:\Users\delav\Downloads\dofimall-sniper\dofimall-sniper\backend\venv\Lib\site-packages\fastapi\applications.py", line 1054, in __call__
    await super().__call__(scope, receive, send)
  File "C:\Users\delav\Downloads\dofimall-sniper\dofimall-sniper\backend\venv\Lib\site-packages\starlette\applications.py", line 113, in __call__
    await self.middleware_stack(scope, receive, send)
  File "C:\Users\delav\Downloads\dofimall-sniper\dofimall-sniper\backend\venv\Lib\site-packages\starlette\middleware\errors.py", line 187, in __call__
    raise exc
  File "C:\Users\delav\Downloads\dofimall-sniper\dofimall-sniper\backend\venv\Lib\site-packages\starlette\middleware\errors.py", line 165, in __call__
    await self.app(scope, receive, _send)
  File "C:\Users\delav\Downloads\dofimall-sniper\dofimall-sniper\backend\venv\Lib\site-packages\starlette\middleware\cors.py", line 85, in __call__
    await self.app(scope, receive, send)
  File "C:\Users\delav\Downloads\dofimall-sniper\dofimall-sniper\backend\venv\Lib\site-packages\starlette\middleware\exceptions.py", line 62, in __call__
    await wrap_app_handling_exceptions(self.app, conn)(scope, receive, send)
  File "C:\Users\delav\Downloads\dofimall-sniper\dofimall-sniper\backend\venv\Lib\site-packages\starlette\_exception_handler.py", line 53, in wrapped_app
    raise exc
  File "C:\Users\delav\Downloads\dofimall-sniper\dofimall-sniper\backend\venv\Lib\site-packages\starlette\_exception_handler.py", line 42, in wrapped_app
    await app(scope, receive, sender)
  File "C:\Users\delav\Downloads\dofimall-sniper\dofimall-sniper\backend\venv\Lib\site-packages\starlette\routing.py", line 715, in __call__
    await self.middleware_stack(scope, receive, send)
  File "C:\Users\delav\Downloads\dofimall-sniper\dofimall-sniper\backend\venv\Lib\site-packages\starlette\routing.py", line 735, in app
    await route.handle(scope, receive, send)
  File "C:\Users\delav\Downloads\dofimall-sniper\dofimall-sniper\backend\venv\Lib\site-packages\starlette\routing.py", line 288, in handle
    await self.app(scope, receive, send)
  File "C:\Users\delav\Downloads\dofimall-sniper\dofimall-sniper\backend\venv\Lib\site-packages\starlette\routing.py", line 76, in app
    await wrap_app_handling_exceptions(app, request)(scope, receive, send)
  File "C:\Users\delav\Downloads\dofimall-sniper\dofimall-sniper\backend\venv\Lib\site-packages\starlette\_exception_handler.py", line 53, in wrapped_app
    raise exc
  File "C:\Users\delav\Downloads\dofimall-sniper\dofimall-sniper\backend\venv\Lib\site-packages\starlette\_exception_handler.py", line 42, in wrapped_app
    await app(scope, receive, sender)
  File "C:\Users\delav\Downloads\dofimall-sniper\dofimall-sniper\backend\venv\Lib\site-packages\starlette\routing.py", line 73, in app
    response = await f(request)
               ^^^^^^^^^^^^^^^^
  File "C:\Users\delav\Downloads\dofimall-sniper\dofimall-sniper\backend\venv\Lib\site-packages\fastapi\routing.py", line 301, in app
    raw_response = await run_endpoint_function(
                   ^^^^^^^^^^^^^^^^^^^^^^^^^^^^
  File "C:\Users\delav\Downloads\dofimall-sniper\dofimall-sniper\backend\venv\Lib\site-packages\fastapi\routing.py", line 212, in run_endpoint_function
    return await dependant.call(**values)
           ^^^^^^^^^^^^^^^^^^^^^^^^^^^^^^
  File "C:\Users\delav\Downloads\dofimall-sniper\dofimall-sniper\backend\app\api\products.py", line 31, in get_products
    result = await db.execute(query)
             ^^^^^^^^^^^^^^^^^^^^^^^
  File "C:\Users\delav\Downloads\dofimall-sniper\dofimall-sniper\backend\venv\Lib\site-packages\sqlalchemy\ext\asyncio\session.py", line 461, in execute
    result = await greenlet_spawn(
             ^^^^^^^^^^^^^^^^^^^^^
  File "C:\Users\delav\Downloads\dofimall-sniper\dofimall-sniper\backend\venv\Lib\site-packages\sqlalchemy\util\_concurrency_py3k.py", line 203, in greenlet_spawn
    result = context.switch(value)
             ^^^^^^^^^^^^^^^^^^^^^
  File "C:\Users\delav\Downloads\dofimall-sniper\dofimall-sniper\backend\venv\Lib\site-packages\sqlalchemy\orm\session.py", line 2362, in execute
    return self._execute_internal(
           ^^^^^^^^^^^^^^^^^^^^^^^
  File "C:\Users\delav\Downloads\dofimall-sniper\dofimall-sniper\backend\venv\Lib\site-packages\sqlalchemy\orm\session.py", line 2247, in _execute_internal
    result: Result[Any] = compile_state_cls.orm_execute_statement(
                          ^^^^^^^^^^^^^^^^^^^^^^^^^^^^^^^^^^^^^^^^
  File "C:\Users\delav\Downloads\dofimall-sniper\dofimall-sniper\backend\venv\Lib\site-packages\sqlalchemy\orm\context.py", line 308, in orm_execute_statement
    return cls.orm_setup_cursor_result(
           ^^^^^^^^^^^^^^^^^^^^^^^^^^^^
  File "C:\Users\delav\Downloads\dofimall-sniper\dofimall-sniper\backend\venv\Lib\site-packages\sqlalchemy\orm\context.py", line 600, in orm_setup_cursor_result
    return loading.instances(result, querycontext)
           ^^^^^^^^^^^^^^^^^^^^^^^^^^^^^^^^^^^^^^^
  File "C:\Users\delav\Downloads\dofimall-sniper\dofimall-sniper\backend\venv\Lib\site-packages\sqlalchemy\orm\loading.py", line 261, in instances
    _prebuffered = list(chunks(None))
                   ^^^^^^^^^^^^^^^^^^
  File "C:\Users\delav\Downloads\dofimall-sniper\dofimall-sniper\backend\venv\Lib\site-packages\sqlalchemy\orm\loading.py", line 219, in chunks
    fetch = cursor._raw_all_rows()
            ^^^^^^^^^^^^^^^^^^^^^^
  File "C:\Users\delav\Downloads\dofimall-sniper\dofimall-sniper\backend\venv\Lib\site-packages\sqlalchemy\engine\result.py", line 541, in _raw_all_rows
    return [make_row(row) for row in rows]
            ^^^^^^^^^^^^^
  File "lib\\sqlalchemy\\cyextension\\resultproxy.pyx", line 22, in sqlalchemy.cyextension.resultproxy.BaseRow.__init__
  File "lib\\sqlalchemy\\cyextension\\resultproxy.pyx", line 79, in sqlalchemy.cyextension.resultproxy._apply_processors
  File "C:\Users\delav\Downloads\dofimall-sniper\dofimall-sniper\backend\venv\Lib\site-packages\sqlalchemy\sql\sqltypes.py", line 1745, in process
    value = self._object_value_for_elem(value)
            ^^^^^^^^^^^^^^^^^^^^^^^^^^^^^^^^^^
  File "C:\Users\delav\Downloads\dofimall-sniper\dofimall-sniper\backend\venv\Lib\site-packages\sqlalchemy\sql\sqltypes.py", line 1627, in _object_value_for_elem
    raise LookupError(
LookupError: 'RESERVED' is not among the defined enum values. Enum name: productstatus. Possible values: MONITORING, PAUSED
INFO:     127.0.0.1:4301 - "GET /api/settings/session-status-fast HTTP/1.1" 200 OK
INFO:     127.0.0.1:4300 - "GET /api/categories HTTP/1.1" 200 OK
INFO:     127.0.0.1:4299 - "GET /api/logs/?limit=30 HTTP/1.1" 200 OK
2026-04-08 06:03:23.905 | INFO     | app.scraper.browser:start:28 - \U0001f310 Iniciando Playwright browser en modo persistente... Directorio: 
C:\Users\delav\Downloads\dofimall-sniper\dofimall-sniper\backend\browser_data
Task exception was never retrieved
future: <Task finished name='Task-41' coro=<Connection.run() done, defined at C:\Users\delav\Downloads\dofimall-sniper\dofimall-sniper\backend\venv\Lib\site-packages\playwright\_impl\_connection.py:272> 
exception=NotImplementedError()>
Traceback (most recent call last):
  File "C:\Users\delav\Downloads\dofimall-sniper\dofimall-sniper\backend\venv\Lib\site-packages\playwright\_impl\_connection.py", line 279, in run
    await self._transport.connect()
  File "C:\Users\delav\Downloads\dofimall-sniper\dofimall-sniper\backend\venv\Lib\site-packages\playwright\_impl\_transport.py", line 133, in connect
    raise exc
  File "C:\Users\delav\Downloads\dofimall-sniper\dofimall-sniper\backend\venv\Lib\site-packages\playwright\_impl\_transport.py", line 120, in connect
    self._proc = await asyncio.create_subprocess_exec(
                 ^^^^^^^^^^^^^^^^^^^^^^^^^^^^^^^^^^^^^
  File "C:\Users\delav\AppData\Local\Programs\Python\Python312\Lib\asyncio\subprocess.py", line 224, in create_subprocess_exec
    transport, protocol = await loop.subprocess_exec(
                          ^^^^^^^^^^^^^^^^^^^^^^^^^^^
  File "C:\Users\delav\AppData\Local\Programs\Python\Python312\Lib\asyncio\base_events.py", line 1756, in subprocess_exec
    transport = await self._make_subprocess_transport(
                ^^^^^^^^^^^^^^^^^^^^^^^^^^^^^^^^^^^^^^
  File "C:\Users\delav\AppData\Local\Programs\Python\Python312\Lib\asyncio\base_events.py", line 528, in _make_subprocess_transport
    raise NotImplementedError
NotImplementedError
INFO:     127.0.0.1:12589 - "POST /api/settings/force-login HTTP/1.1" 200 OK
Job "Job Synchronizer (trigger: interval[0:00:05], next run at: 2026-04-08 06:03:29 CEST)" raised an exception
Traceback (most recent call last):
  File "C:\Users\delav\Downloads\dofimall-sniper\dofimall-sniper\backend\venv\Lib\site-packages\sqlalchemy\sql\sqltypes.py", line 1625, in _object_value_for_elem
    return self._object_lookup[elem]
           ~~~~~~~~~~~~~~~~~~~^^^^^^
KeyError: 'IN_STOCK'

The above exception was the direct cause of the following exception:

Traceback (most recent call last):
  File "C:\Users\delav\Downloads\dofimall-sniper\dofimall-sniper\backend\venv\Lib\site-packages\apscheduler\executors\base_py3.py", line 30, in run_coroutine_job
    retval = await job.func(*job.args, **job.kwargs)
             ^^^^^^^^^^^^^^^^^^^^^^^^^^^^^^^^^^^^^^^
  File "C:\Users\delav\Downloads\dofimall-sniper\dofimall-sniper\backend\app\main.py", line 317, in job_synchronizer
    result = await db.execute(select(Product))
             ^^^^^^^^^^^^^^^^^^^^^^^^^^^^^^^^^
  File "C:\Users\delav\Downloads\dofimall-sniper\dofimall-sniper\backend\venv\Lib\site-packages\sqlalchemy\ext\asyncio\session.py", line 461, in execute
    result = await greenlet_spawn(
             ^^^^^^^^^^^^^^^^^^^^^
  File "C:\Users\delav\Downloads\dofimall-sniper\dofimall-sniper\backend\venv\Lib\site-packages\sqlalchemy\util\_concurrency_py3k.py", line 203, in greenlet_spawn
    result = context.switch(value)
             ^^^^^^^^^^^^^^^^^^^^^
  File "C:\Users\delav\Downloads\dofimall-sniper\dofimall-sniper\backend\venv\Lib\site-packages\sqlalchemy\orm\session.py", line 2362, in execute
    return self._execute_internal(
           ^^^^^^^^^^^^^^^^^^^^^^^
  File "C:\Users\delav\Downloads\dofimall-sniper\dofimall-sniper\backend\venv\Lib\site-packages\sqlalchemy\orm\session.py", line 2247, in _execute_internal
    result: Result[Any] = compile_state_cls.orm_execute_statement(
                          ^^^^^^^^^^^^^^^^^^^^^^^^^^^^^^^^^^^^^^^^
  File "C:\Users\delav\Downloads\dofimall-sniper\dofimall-sniper\backend\venv\Lib\site-packages\sqlalchemy\orm\context.py", line 308, in orm_execute_statement
    return cls.orm_setup_cursor_result(
           ^^^^^^^^^^^^^^^^^^^^^^^^^^^^
  File "C:\Users\delav\Downloads\dofimall-sniper\dofimall-sniper\backend\venv\Lib\site-packages\sqlalchemy\orm\context.py", line 600, in orm_setup_cursor_result
    return loading.instances(result, querycontext)
           ^^^^^^^^^^^^^^^^^^^^^^^^^^^^^^^^^^^^^^^
  File "C:\Users\delav\Downloads\dofimall-sniper\dofimall-sniper\backend\venv\Lib\site-packages\sqlalchemy\orm\loading.py", line 261, in instances
    _prebuffered = list(chunks(None))
                   ^^^^^^^^^^^^^^^^^^
  File "C:\Users\delav\Downloads\dofimall-sniper\dofimall-sniper\backend\venv\Lib\site-packages\sqlalchemy\orm\loading.py", line 219, in chunks
    fetch = cursor._raw_all_rows()
            ^^^^^^^^^^^^^^^^^^^^^^
  File "C:\Users\delav\Downloads\dofimall-sniper\dofimall-sniper\backend\venv\Lib\site-packages\sqlalchemy\engine\result.py", line 541, in _raw_all_rows
    return [make_row(row) for row in rows]
            ^^^^^^^^^^^^^
  File "lib\\sqlalchemy\\cyextension\\resultproxy.pyx", line 22, in sqlalchemy.cyextension.resultproxy.BaseRow.__init__
  File "lib\\sqlalchemy\\cyextension\\resultproxy.pyx", line 79, in sqlalchemy.cyextension.resultproxy._apply_processors
  File "C:\Users\delav\Downloads\dofimall-sniper\dofimall-sniper\backend\venv\Lib\site-packages\sqlalchemy\sql\sqltypes.py", line 1745, in process
    value = self._object_value_for_elem(value)
            ^^^^^^^^^^^^^^^^^^^^^^^^^^^^^^^^^^
  File "C:\Users\delav\Downloads\dofimall-sniper\dofimall-sniper\backend\venv\Lib\site-packages\sqlalchemy\sql\sqltypes.py", line 1627, in _object_value_for_elem
    raise LookupError(
LookupError: 'IN_STOCK' is not among the defined enum values. Enum name: productstatus. Possible values: MONITORING, PAUSED
INFO:     127.0.0.1:5051 - "GET /api/dashboard HTTP/1.1" 500 Internal Server Error
ERROR:    Exception in ASGI application
Traceback (most recent call last):
  File "C:\Users\delav\Downloads\dofimall-sniper\dofimall-sniper\backend\venv\Lib\site-packages\sqlalchemy\sql\sqltypes.py", line 1625, in _object_value_for_elem
    return self._object_lookup[elem]
           ~~~~~~~~~~~~~~~~~~~^^^^^^
KeyError: 'IN_STOCK'

The above exception was the direct cause of the following exception:

Traceback (most recent call last):
  File "C:\Users\delav\Downloads\dofimall-sniper\dofimall-sniper\backend\venv\Lib\site-packages\uvicorn\protocols\http\httptools_impl.py", line 409, in run_asgi
    result = await app(  # type: ignore[func-returns-value]
             ^^^^^^^^^^^^^^^^^^^^^^^^^^^^^^^^^^^^^^^^^^^^^^
  File "C:\Users\delav\Downloads\dofimall-sniper\dofimall-sniper\backend\venv\Lib\site-packages\uvicorn\middleware\proxy_headers.py", line 60, in __call__
    return await self.app(scope, receive, send)
           ^^^^^^^^^^^^^^^^^^^^^^^^^^^^^^^^^^^^
  File "C:\Users\delav\Downloads\dofimall-sniper\dofimall-sniper\backend\venv\Lib\site-packages\fastapi\applications.py", line 1054, in __call__
    await super().__call__(scope, receive, send)
  File "C:\Users\delav\Downloads\dofimall-sniper\dofimall-sniper\backend\venv\Lib\site-packages\starlette\applications.py", line 113, in __call__
    await self.middleware_stack(scope, receive, send)
  File "C:\Users\delav\Downloads\dofimall-sniper\dofimall-sniper\backend\venv\Lib\site-packages\starlette\middleware\errors.py", line 187, in __call__
    raise exc
  File "C:\Users\delav\Downloads\dofimall-sniper\dofimall-sniper\backend\venv\Lib\site-packages\starlette\middleware\errors.py", line 165, in __call__
    await self.app(scope, receive, _send)
  File "C:\Users\delav\Downloads\dofimall-sniper\dofimall-sniper\backend\venv\Lib\site-packages\starlette\middleware\cors.py", line 85, in __call__
    await self.app(scope, receive, send)
  File "C:\Users\delav\Downloads\dofimall-sniper\dofimall-sniper\backend\venv\Lib\site-packages\starlette\middleware\exceptions.py", line 62, in __call__
    await wrap_app_handling_exceptions(self.app, conn)(scope, receive, send)
  File "C:\Users\delav\Downloads\dofimall-sniper\dofimall-sniper\backend\venv\Lib\site-packages\starlette\_exception_handler.py", line 53, in wrapped_app
    raise exc
  File "C:\Users\delav\Downloads\dofimall-sniper\dofimall-sniper\backend\venv\Lib\site-packages\starlette\_exception_handler.py", line 42, in wrapped_app
    await app(scope, receive, sender)
  File "C:\Users\delav\Downloads\dofimall-sniper\dofimall-sniper\backend\venv\Lib\site-packages\starlette\routing.py", line 715, in __call__
    await self.middleware_stack(scope, receive, send)
  File "C:\Users\delav\Downloads\dofimall-sniper\dofimall-sniper\backend\venv\Lib\site-packages\starlette\routing.py", line 735, in app
    await route.handle(scope, receive, send)
  File "C:\Users\delav\Downloads\dofimall-sniper\dofimall-sniper\backend\venv\Lib\site-packages\starlette\routing.py", line 288, in handle
    await self.app(scope, receive, send)
  File "C:\Users\delav\Downloads\dofimall-sniper\dofimall-sniper\backend\venv\Lib\site-packages\starlette\routing.py", line 76, in app
    await wrap_app_handling_exceptions(app, request)(scope, receive, send)
  File "C:\Users\delav\Downloads\dofimall-sniper\dofimall-sniper\backend\venv\Lib\site-packages\starlette\_exception_handler.py", line 53, in wrapped_app
    raise exc
  File "C:\Users\delav\Downloads\dofimall-sniper\dofimall-sniper\backend\venv\Lib\site-packages\starlette\_exception_handler.py", line 42, in wrapped_app
    await app(scope, receive, sender)
  File "C:\Users\delav\Downloads\dofimall-sniper\dofimall-sniper\backend\venv\Lib\site-packages\starlette\routing.py", line 73, in app
    response = await f(request)
               ^^^^^^^^^^^^^^^^
  File "C:\Users\delav\Downloads\dofimall-sniper\dofimall-sniper\backend\venv\Lib\site-packages\fastapi\routing.py", line 301, in app
    raw_response = await run_endpoint_function(
                   ^^^^^^^^^^^^^^^^^^^^^^^^^^^^
  File "C:\Users\delav\Downloads\dofimall-sniper\dofimall-sniper\backend\venv\Lib\site-packages\fastapi\routing.py", line 212, in run_endpoint_function
    return await dependant.call(**values)
           ^^^^^^^^^^^^^^^^^^^^^^^^^^^^^^
  File "C:\Users\delav\Downloads\dofimall-sniper\dofimall-sniper\backend\app\main.py", line 552, in get_dashboard
    products = await db.execute(select(Product))
               ^^^^^^^^^^^^^^^^^^^^^^^^^^^^^^^^^
  File "C:\Users\delav\Downloads\dofimall-sniper\dofimall-sniper\backend\venv\Lib\site-packages\sqlalchemy\ext\asyncio\session.py", line 461, in execute
    result = await greenlet_spawn(
             ^^^^^^^^^^^^^^^^^^^^^
  File "C:\Users\delav\Downloads\dofimall-sniper\dofimall-sniper\backend\venv\Lib\site-packages\sqlalchemy\util\_concurrency_py3k.py", line 203, in greenlet_spawn
    result = context.switch(value)
             ^^^^^^^^^^^^^^^^^^^^^
  File "C:\Users\delav\Downloads\dofimall-sniper\dofimall-sniper\backend\venv\Lib\site-packages\sqlalchemy\orm\session.py", line 2362, in execute
    return self._execute_internal(
           ^^^^^^^^^^^^^^^^^^^^^^^
  File "C:\Users\delav\Downloads\dofimall-sniper\dofimall-sniper\backend\venv\Lib\site-packages\sqlalchemy\orm\session.py", line 2247, in _execute_internal
    result: Result[Any] = compile_state_cls.orm_execute_statement(
                          ^^^^^^^^^^^^^^^^^^^^^^^^^^^^^^^^^^^^^^^^
  File "C:\Users\delav\Downloads\dofimall-sniper\dofimall-sniper\backend\venv\Lib\site-packages\sqlalchemy\orm\context.py", line 308, in orm_execute_statement
    return cls.orm_setup_cursor_result(
           ^^^^^^^^^^^^^^^^^^^^^^^^^^^^
  File "C:\Users\delav\Downloads\dofimall-sniper\dofimall-sniper\backend\venv\Lib\site-packages\sqlalchemy\orm\context.py", line 600, in orm_setup_cursor_result
    return loading.instances(result, querycontext)
           ^^^^^^^^^^^^^^^^^^^^^^^^^^^^^^^^^^^^^^^
  File "C:\Users\delav\Downloads\dofimall-sniper\dofimall-sniper\backend\venv\Lib\site-packages\sqlalchemy\orm\loading.py", line 261, in instances
    _prebuffered = list(chunks(None))
                   ^^^^^^^^^^^^^^^^^^
  File "C:\Users\delav\Downloads\dofimall-sniper\dofimall-sniper\backend\venv\Lib\site-packages\sqlalchemy\orm\loading.py", line 219, in chunks
    fetch = cursor._raw_all_rows()
            ^^^^^^^^^^^^^^^^^^^^^^
  File "C:\Users\delav\Downloads\dofimall-sniper\dofimall-sniper\backend\venv\Lib\site-packages\sqlalchemy\engine\result.py", line 541, in _raw_all_rows
    return [make_row(row) for row in rows]
            ^^^^^^^^^^^^^
  File "lib\\sqlalchemy\\cyextension\\resultproxy.pyx", line 22, in sqlalchemy.cyextension.resultproxy.BaseRow.__init__
  File "lib\\sqlalchemy\\cyextension\\resultproxy.pyx", line 79, in sqlalchemy.cyextension.resultproxy._apply_processors
  File "C:\Users\delav\Downloads\dofimall-sniper\dofimall-sniper\backend\venv\Lib\site-packages\sqlalchemy\sql\sqltypes.py", line 1745, in process
    value = self._object_value_for_elem(value)
            ^^^^^^^^^^^^^^^^^^^^^^^^^^^^^^^^^^
  File "C:\Users\delav\Downloads\dofimall-sniper\dofimall-sniper\backend\venv\Lib\site-packages\sqlalchemy\sql\sqltypes.py", line 1627, in _object_value_for_elem
    raise LookupError(
LookupError: 'IN_STOCK' is not among the defined enum values. Enum name: productstatus. Possible values: MONITORING, PAUSED
INFO:     127.0.0.1:9556 - "GET /api/products/ HTTP/1.1" 500 Internal Server Error
ERROR:    Exception in ASGI application
Traceback (most recent call last):
  File "C:\Users\delav\Downloads\dofimall-sniper\dofimall-sniper\backend\venv\Lib\site-packages\sqlalchemy\sql\sqltypes.py", line 1625, in _object_value_for_elem
    return self._object_lookup[elem]
           ~~~~~~~~~~~~~~~~~~~^^^^^^
KeyError: 'RESERVED'

The above exception was the direct cause of the following exception:

Traceback (most recent call last):
  File "C:\Users\delav\Downloads\dofimall-sniper\dofimall-sniper\backend\venv\Lib\site-packages\uvicorn\protocols\http\httptools_impl.py", line 409, in run_asgi
    result = await app(  # type: ignore[func-returns-value]
             ^^^^^^^^^^^^^^^^^^^^^^^^^^^^^^^^^^^^^^^^^^^^^^
  File "C:\Users\delav\Downloads\dofimall-sniper\dofimall-sniper\backend\venv\Lib\site-packages\uvicorn\middleware\proxy_headers.py", line 60, in __call__
    return await self.app(scope, receive, send)
           ^^^^^^^^^^^^^^^^^^^^^^^^^^^^^^^^^^^^
  File "C:\Users\delav\Downloads\dofimall-sniper\dofimall-sniper\backend\venv\Lib\site-packages\fastapi\applications.py", line 1054, in __call__
    await super().__call__(scope, receive, send)
  File "C:\Users\delav\Downloads\dofimall-sniper\dofimall-sniper\backend\venv\Lib\site-packages\starlette\applications.py", line 113, in __call__
    await self.middleware_stack(scope, receive, send)
  File "C:\Users\delav\Downloads\dofimall-sniper\dofimall-sniper\backend\venv\Lib\site-packages\starlette\middleware\errors.py", line 187, in __call__
    raise exc
  File "C:\Users\delav\Downloads\dofimall-sniper\dofimall-sniper\backend\venv\Lib\site-packages\starlette\middleware\errors.py", line 165, in __call__
    await self.app(scope, receive, _send)
  File "C:\Users\delav\Downloads\dofimall-sniper\dofimall-sniper\backend\venv\Lib\site-packages\starlette\middleware\cors.py", line 85, in __call__
    await self.app(scope, receive, send)
  File "C:\Users\delav\Downloads\dofimall-sniper\dofimall-sniper\backend\venv\Lib\site-packages\starlette\middleware\exceptions.py", line 62, in __call__
    await wrap_app_handling_exceptions(self.app, conn)(scope, receive, send)
  File "C:\Users\delav\Downloads\dofimall-sniper\dofimall-sniper\backend\venv\Lib\site-packages\starlette\_exception_handler.py", line 53, in wrapped_app
    raise exc
  File "C:\Users\delav\Downloads\dofimall-sniper\dofimall-sniper\backend\venv\Lib\site-packages\starlette\_exception_handler.py", line 42, in wrapped_app
    await app(scope, receive, sender)
  File "C:\Users\delav\Downloads\dofimall-sniper\dofimall-sniper\backend\venv\Lib\site-packages\starlette\routing.py", line 715, in __call__
    await self.middleware_stack(scope, receive, send)
  File "C:\Users\delav\Downloads\dofimall-sniper\dofimall-sniper\backend\venv\Lib\site-packages\starlette\routing.py", line 735, in app
    await route.handle(scope, receive, send)
  File "C:\Users\delav\Downloads\dofimall-sniper\dofimall-sniper\backend\venv\Lib\site-packages\starlette\routing.py", line 288, in handle
    await self.app(scope, receive, send)
  File "C:\Users\delav\Downloads\dofimall-sniper\dofimall-sniper\backend\venv\Lib\site-packages\starlette\routing.py", line 76, in app
    await wrap_app_handling_exceptions(app, request)(scope, receive, send)
  File "C:\Users\delav\Downloads\dofimall-sniper\dofimall-sniper\backend\venv\Lib\site-packages\starlette\_exception_handler.py", line 53, in wrapped_app
    raise exc
  File "C:\Users\delav\Downloads\dofimall-sniper\dofimall-sniper\backend\venv\Lib\site-packages\starlette\_exception_handler.py", line 42, in wrapped_app
    await app(scope, receive, sender)
  File "C:\Users\delav\Downloads\dofimall-sniper\dofimall-sniper\backend\venv\Lib\site-packages\starlette\routing.py", line 73, in app
    response = await f(request)
               ^^^^^^^^^^^^^^^^
  File "C:\Users\delav\Downloads\dofimall-sniper\dofimall-sniper\backend\venv\Lib\site-packages\fastapi\routing.py", line 301, in app
    raw_response = await run_endpoint_function(
                   ^^^^^^^^^^^^^^^^^^^^^^^^^^^^
  File "C:\Users\delav\Downloads\dofimall-sniper\dofimall-sniper\backend\venv\Lib\site-packages\fastapi\routing.py", line 212, in run_endpoint_function
    return await dependant.call(**values)
           ^^^^^^^^^^^^^^^^^^^^^^^^^^^^^^
  File "C:\Users\delav\Downloads\dofimall-sniper\dofimall-sniper\backend\app\api\products.py", line 31, in get_products
    result = await db.execute(query)
             ^^^^^^^^^^^^^^^^^^^^^^^
  File "C:\Users\delav\Downloads\dofimall-sniper\dofimall-sniper\backend\venv\Lib\site-packages\sqlalchemy\ext\asyncio\session.py", line 461, in execute
    result = await greenlet_spawn(
             ^^^^^^^^^^^^^^^^^^^^^
  File "C:\Users\delav\Downloads\dofimall-sniper\dofimall-sniper\backend\venv\Lib\site-packages\sqlalchemy\util\_concurrency_py3k.py", line 203, in greenlet_spawn
    result = context.switch(value)
             ^^^^^^^^^^^^^^^^^^^^^
  File "C:\Users\delav\Downloads\dofimall-sniper\dofimall-sniper\backend\venv\Lib\site-packages\sqlalchemy\orm\session.py", line 2362, in execute
    return self._execute_internal(
           ^^^^^^^^^^^^^^^^^^^^^^^
  File "C:\Users\delav\Downloads\dofimall-sniper\dofimall-sniper\backend\venv\Lib\site-packages\sqlalchemy\orm\session.py", line 2247, in _execute_internal
    result: Result[Any] = compile_state_cls.orm_execute_statement(
                          ^^^^^^^^^^^^^^^^^^^^^^^^^^^^^^^^^^^^^^^^
  File "C:\Users\delav\Downloads\dofimall-sniper\dofimall-sniper\backend\venv\Lib\site-packages\sqlalchemy\orm\context.py", line 308, in orm_execute_statement
    return cls.orm_setup_cursor_result(
           ^^^^^^^^^^^^^^^^^^^^^^^^^^^^
  File "C:\Users\delav\Downloads\dofimall-sniper\dofimall-sniper\backend\venv\Lib\site-packages\sqlalchemy\orm\context.py", line 600, in orm_setup_cursor_result
    return loading.instances(result, querycontext)
           ^^^^^^^^^^^^^^^^^^^^^^^^^^^^^^^^^^^^^^^
  File "C:\Users\delav\Downloads\dofimall-sniper\dofimall-sniper\backend\venv\Lib\site-packages\sqlalchemy\orm\loading.py", line 261, in instances
    _prebuffered = list(chunks(None))
                   ^^^^^^^^^^^^^^^^^^
  File "C:\Users\delav\Downloads\dofimall-sniper\dofimall-sniper\backend\venv\Lib\site-packages\sqlalchemy\orm\loading.py", line 219, in chunks
    fetch = cursor._raw_all_rows()
            ^^^^^^^^^^^^^^^^^^^^^^
  File "C:\Users\delav\Downloads\dofimall-sniper\dofimall-sniper\backend\venv\Lib\site-packages\sqlalchemy\engine\result.py", line 541, in _raw_all_rows
    return [make_row(row) for row in rows]
            ^^^^^^^^^^^^^
  File "lib\\sqlalchemy\\cyextension\\resultproxy.pyx", line 22, in sqlalchemy.cyextension.resultproxy.BaseRow.__init__
  File "lib\\sqlalchemy\\cyextension\\resultproxy.pyx", line 79, in sqlalchemy.cyextension.resultproxy._apply_processors
  File "C:\Users\delav\Downloads\dofimall-sniper\dofimall-sniper\backend\venv\Lib\site-packages\sqlalchemy\sql\sqltypes.py", line 1745, in process
    value = self._object_value_for_elem(value)
            ^^^^^^^^^^^^^^^^^^^^^^^^^^^^^^^^^^
  File "C:\Users\delav\Downloads\dofimall-sniper\dofimall-sniper\backend\venv\Lib\site-packages\sqlalchemy\sql\sqltypes.py", line 1627, in _object_value_for_elem
    raise LookupError(
LookupError: 'RESERVED' is not among the defined enum values. Enum name: productstatus. Possible values: MONITORING, PAUSED
INFO:     127.0.0.1:7779 - "GET /api/categories HTTP/1.1" 200 OK
INFO:     127.0.0.1:9557 - "GET /api/logs/?limit=30 HTTP/1.1" 200 OK
INFO:     127.0.0.1:7780 - "GET /api/settings/session-status-fast HTTP/1.1" 200 OK
Job "Job Synchronizer (trigger: interval[0:00:05], next run at: 2026-04-08 06:03:34 CEST)" raised an exception
Traceback (most recent call last):
  File "C:\Users\delav\Downloads\dofimall-sniper\dofimall-sniper\backend\venv\Lib\site-packages\sqlalchemy\sql\sqltypes.py", line 1625, in _object_value_for_elem
    return self._object_lookup[elem]
           ~~~~~~~~~~~~~~~~~~~^^^^^^
KeyError: 'IN_STOCK'

The above exception was the direct cause of the following exception:

Traceback (most recent call last):
  File "C:\Users\delav\Downloads\dofimall-sniper\dofimall-sniper\backend\venv\Lib\site-packages\apscheduler\executors\base_py3.py", line 30, in run_coroutine_job
    retval = await job.func(*job.args, **job.kwargs)
             ^^^^^^^^^^^^^^^^^^^^^^^^^^^^^^^^^^^^^^^
  File "C:\Users\delav\Downloads\dofimall-sniper\dofimall-sniper\backend\app\main.py", line 317, in job_synchronizer
    result = await db.execute(select(Product))
             ^^^^^^^^^^^^^^^^^^^^^^^^^^^^^^^^^
  File "C:\Users\delav\Downloads\dofimall-sniper\dofimall-sniper\backend\venv\Lib\site-packages\sqlalchemy\ext\asyncio\session.py", line 461, in execute
    result = await greenlet_spawn(
             ^^^^^^^^^^^^^^^^^^^^^
  File "C:\Users\delav\Downloads\dofimall-sniper\dofimall-sniper\backend\venv\Lib\site-packages\sqlalchemy\util\_concurrency_py3k.py", line 203, in greenlet_spawn
    result = context.switch(value)
             ^^^^^^^^^^^^^^^^^^^^^
  File "C:\Users\delav\Downloads\dofimall-sniper\dofimall-sniper\backend\venv\Lib\site-packages\sqlalchemy\orm\session.py", line 2362, in execute
    return self._execute_internal(
           ^^^^^^^^^^^^^^^^^^^^^^^
  File "C:\Users\delav\Downloads\dofimall-sniper\dofimall-sniper\backend\venv\Lib\site-packages\sqlalchemy\orm\session.py", line 2247, in _execute_internal
    result: Result[Any] = compile_state_cls.orm_execute_statement(
                          ^^^^^^^^^^^^^^^^^^^^^^^^^^^^^^^^^^^^^^^^
  File "C:\Users\delav\Downloads\dofimall-sniper\dofimall-sniper\backend\venv\Lib\site-packages\sqlalchemy\orm\context.py", line 308, in orm_execute_statement
    return cls.orm_setup_cursor_result(
           ^^^^^^^^^^^^^^^^^^^^^^^^^^^^
  File "C:\Users\delav\Downloads\dofimall-sniper\dofimall-sniper\backend\venv\Lib\site-packages\sqlalchemy\orm\context.py", line 600, in orm_setup_cursor_result
    return loading.instances(result, querycontext)
           ^^^^^^^^^^^^^^^^^^^^^^^^^^^^^^^^^^^^^^^
  File "C:\Users\delav\Downloads\dofimall-sniper\dofimall-sniper\backend\venv\Lib\site-packages\sqlalchemy\orm\loading.py", line 261, in instances
    _prebuffered = list(chunks(None))
                   ^^^^^^^^^^^^^^^^^^
  File "C:\Users\delav\Downloads\dofimall-sniper\dofimall-sniper\backend\venv\Lib\site-packages\sqlalchemy\orm\loading.py", line 219, in chunks
    fetch = cursor._raw_all_rows()
            ^^^^^^^^^^^^^^^^^^^^^^
  File "C:\Users\delav\Downloads\dofimall-sniper\dofimall-sniper\backend\venv\Lib\site-packages\sqlalchemy\engine\result.py", line 541, in _raw_all_rows
    return [make_row(row) for row in rows]
            ^^^^^^^^^^^^^
  File "lib\\sqlalchemy\\cyextension\\resultproxy.pyx", line 22, in sqlalchemy.cyextension.resultproxy.BaseRow.__init__
  File "lib\\sqlalchemy\\cyextension\\resultproxy.pyx", line 79, in sqlalchemy.cyextension.resultproxy._apply_processors
  File "C:\Users\delav\Downloads\dofimall-sniper\dofimall-sniper\backend\venv\Lib\site-packages\sqlalchemy\sql\sqltypes.py", line 1745, in process
    value = self._object_value_for_elem(value)
            ^^^^^^^^^^^^^^^^^^^^^^^^^^^^^^^^^^
  File "C:\Users\delav\Downloads\dofimall-sniper\dofimall-sniper\backend\venv\Lib\site-packages\sqlalchemy\sql\sqltypes.py", line 1627, in _object_value_for_elem
    raise LookupError(
LookupError: 'IN_STOCK' is not among the defined enum values. Enum name: productstatus. Possible values: MONITORING, PAUSED
INFO:     127.0.0.1:13845 - "GET /api/settings/session-status-fast HTTP/1.1" 200 OK
INFO:     127.0.0.1:13844 - "GET /api/categories HTTP/1.1" 200 OK
INFO:     127.0.0.1:8123 - "GET /api/dashboard HTTP/1.1" 500 Internal Server Error
ERROR:    Exception in ASGI application
Traceback (most recent call last):
  File "C:\Users\delav\Downloads\dofimall-sniper\dofimall-sniper\backend\venv\Lib\site-packages\sqlalchemy\sql\sqltypes.py", line 1625, in _object_value_for_elem
    return self._object_lookup[elem]
           ~~~~~~~~~~~~~~~~~~~^^^^^^
KeyError: 'IN_STOCK'

The above exception was the direct cause of the following exception:

Traceback (most recent call last):
  File "C:\Users\delav\Downloads\dofimall-sniper\dofimall-sniper\backend\venv\Lib\site-packages\uvicorn\protocols\http\httptools_impl.py", line 409, in run_asgi
    result = await app(  # type: ignore[func-returns-value]
             ^^^^^^^^^^^^^^^^^^^^^^^^^^^^^^^^^^^^^^^^^^^^^^
  File "C:\Users\delav\Downloads\dofimall-sniper\dofimall-sniper\backend\venv\Lib\site-packages\uvicorn\middleware\proxy_headers.py", line 60, in __call__
    return await self.app(scope, receive, send)
           ^^^^^^^^^^^^^^^^^^^^^^^^^^^^^^^^^^^^
  File "C:\Users\delav\Downloads\dofimall-sniper\dofimall-sniper\backend\venv\Lib\site-packages\fastapi\applications.py", line 1054, in __call__
    await super().__call__(scope, receive, send)
  File "C:\Users\delav\Downloads\dofimall-sniper\dofimall-sniper\backend\venv\Lib\site-packages\starlette\applications.py", line 113, in __call__
    await self.middleware_stack(scope, receive, send)
  File "C:\Users\delav\Downloads\dofimall-sniper\dofimall-sniper\backend\venv\Lib\site-packages\starlette\middleware\errors.py", line 187, in __call__
    raise exc
  File "C:\Users\delav\Downloads\dofimall-sniper\dofimall-sniper\backend\venv\Lib\site-packages\starlette\middleware\errors.py", line 165, in __call__
    await self.app(scope, receive, _send)
  File "C:\Users\delav\Downloads\dofimall-sniper\dofimall-sniper\backend\venv\Lib\site-packages\starlette\middleware\cors.py", line 85, in __call__
    await self.app(scope, receive, send)
  File "C:\Users\delav\Downloads\dofimall-sniper\dofimall-sniper\backend\venv\Lib\site-packages\starlette\middleware\exceptions.py", line 62, in __call__
    await wrap_app_handling_exceptions(self.app, conn)(scope, receive, send)
  File "C:\Users\delav\Downloads\dofimall-sniper\dofimall-sniper\backend\venv\Lib\site-packages\starlette\_exception_handler.py", line 53, in wrapped_app
    raise exc
  File "C:\Users\delav\Downloads\dofimall-sniper\dofimall-sniper\backend\venv\Lib\site-packages\starlette\_exception_handler.py", line 42, in wrapped_app
    await app(scope, receive, sender)
  File "C:\Users\delav\Downloads\dofimall-sniper\dofimall-sniper\backend\venv\Lib\site-packages\starlette\routing.py", line 715, in __call__
    await self.middleware_stack(scope, receive, send)
  File "C:\Users\delav\Downloads\dofimall-sniper\dofimall-sniper\backend\venv\Lib\site-packages\starlette\routing.py", line 735, in app
    await route.handle(scope, receive, send)
  File "C:\Users\delav\Downloads\dofimall-sniper\dofimall-sniper\backend\venv\Lib\site-packages\starlette\routing.py", line 288, in handle
    await self.app(scope, receive, send)
  File "C:\Users\delav\Downloads\dofimall-sniper\dofimall-sniper\backend\venv\Lib\site-packages\starlette\routing.py", line 76, in app
    await wrap_app_handling_exceptions(app, request)(scope, receive, send)
  File "C:\Users\delav\Downloads\dofimall-sniper\dofimall-sniper\backend\venv\Lib\site-packages\starlette\_exception_handler.py", line 53, in wrapped_app
    raise exc
  File "C:\Users\delav\Downloads\dofimall-sniper\dofimall-sniper\backend\venv\Lib\site-packages\starlette\_exception_handler.py", line 42, in wrapped_app
    await app(scope, receive, sender)
  File "C:\Users\delav\Downloads\dofimall-sniper\dofimall-sniper\backend\venv\Lib\site-packages\starlette\routing.py", line 73, in app
    response = await f(request)
               ^^^^^^^^^^^^^^^^
  File "C:\Users\delav\Downloads\dofimall-sniper\dofimall-sniper\backend\venv\Lib\site-packages\fastapi\routing.py", line 301, in app
    raw_response = await run_endpoint_function(
                   ^^^^^^^^^^^^^^^^^^^^^^^^^^^^
  File "C:\Users\delav\Downloads\dofimall-sniper\dofimall-sniper\backend\venv\Lib\site-packages\fastapi\routing.py", line 212, in run_endpoint_function
    return await dependant.call(**values)
           ^^^^^^^^^^^^^^^^^^^^^^^^^^^^^^
  File "C:\Users\delav\Downloads\dofimall-sniper\dofimall-sniper\backend\app\main.py", line 552, in get_dashboard
    products = await db.execute(select(Product))
               ^^^^^^^^^^^^^^^^^^^^^^^^^^^^^^^^^
  File "C:\Users\delav\Downloads\dofimall-sniper\dofimall-sniper\backend\venv\Lib\site-packages\sqlalchemy\ext\asyncio\session.py", line 461, in execute
    result = await greenlet_spawn(
             ^^^^^^^^^^^^^^^^^^^^^
  File "C:\Users\delav\Downloads\dofimall-sniper\dofimall-sniper\backend\venv\Lib\site-packages\sqlalchemy\util\_concurrency_py3k.py", line 203, in greenlet_spawn
    result = context.switch(value)
             ^^^^^^^^^^^^^^^^^^^^^
  File "C:\Users\delav\Downloads\dofimall-sniper\dofimall-sniper\backend\venv\Lib\site-packages\sqlalchemy\orm\session.py", line 2362, in execute
    return self._execute_internal(
           ^^^^^^^^^^^^^^^^^^^^^^^
  File "C:\Users\delav\Downloads\dofimall-sniper\dofimall-sniper\backend\venv\Lib\site-packages\sqlalchemy\orm\session.py", line 2247, in _execute_internal
    result: Result[Any] = compile_state_cls.orm_execute_statement(
                          ^^^^^^^^^^^^^^^^^^^^^^^^^^^^^^^^^^^^^^^^
  File "C:\Users\delav\Downloads\dofimall-sniper\dofimall-sniper\backend\venv\Lib\site-packages\sqlalchemy\orm\context.py", line 308, in orm_execute_statement
    return cls.orm_setup_cursor_result(
           ^^^^^^^^^^^^^^^^^^^^^^^^^^^^
  File "C:\Users\delav\Downloads\dofimall-sniper\dofimall-sniper\backend\venv\Lib\site-packages\sqlalchemy\orm\context.py", line 600, in orm_setup_cursor_result
    return loading.instances(result, querycontext)
           ^^^^^^^^^^^^^^^^^^^^^^^^^^^^^^^^^^^^^^^
  File "C:\Users\delav\Downloads\dofimall-sniper\dofimall-sniper\backend\venv\Lib\site-packages\sqlalchemy\orm\loading.py", line 261, in instances
    _prebuffered = list(chunks(None))
                   ^^^^^^^^^^^^^^^^^^
  File "C:\Users\delav\Downloads\dofimall-sniper\dofimall-sniper\backend\venv\Lib\site-packages\sqlalchemy\orm\loading.py", line 219, in chunks
    fetch = cursor._raw_all_rows()
            ^^^^^^^^^^^^^^^^^^^^^^
  File "C:\Users\delav\Downloads\dofimall-sniper\dofimall-sniper\backend\venv\Lib\site-packages\sqlalchemy\engine\result.py", line 541, in _raw_all_rows
    return [make_row(row) for row in rows]
            ^^^^^^^^^^^^^
  File "lib\\sqlalchemy\\cyextension\\resultproxy.pyx", line 22, in sqlalchemy.cyextension.resultproxy.BaseRow.__init__
  File "lib\\sqlalchemy\\cyextension\\resultproxy.pyx", line 79, in sqlalchemy.cyextension.resultproxy._apply_processors
  File "C:\Users\delav\Downloads\dofimall-sniper\dofimall-sniper\backend\venv\Lib\site-packages\sqlalchemy\sql\sqltypes.py", line 1745, in process
    value = self._object_value_for_elem(value)
            ^^^^^^^^^^^^^^^^^^^^^^^^^^^^^^^^^^
  File "C:\Users\delav\Downloads\dofimall-sniper\dofimall-sniper\backend\venv\Lib\site-packages\sqlalchemy\sql\sqltypes.py", line 1627, in _object_value_for_elem
    raise LookupError(
LookupError: 'IN_STOCK' is not among the defined enum values. Enum name: productstatus. Possible values: MONITORING, PAUSED
INFO:     127.0.0.1:7704 - "GET /api/logs/?limit=30 HTTP/1.1" 200 OK
INFO:     127.0.0.1:7703 - "GET /api/products/ HTTP/1.1" 500 Internal Server Error
ERROR:    Exception in ASGI application
Traceback (most recent call last):
  File "C:\Users\delav\Downloads\dofimall-sniper\dofimall-sniper\backend\venv\Lib\site-packages\sqlalchemy\sql\sqltypes.py", line 1625, in _object_value_for_elem
    return self._object_lookup[elem]
           ~~~~~~~~~~~~~~~~~~~^^^^^^
KeyError: 'RESERVED'

The above exception was the direct cause of the following exception:

Traceback (most recent call last):
  File "C:\Users\delav\Downloads\dofimall-sniper\dofimall-sniper\backend\venv\Lib\site-packages\uvicorn\protocols\http\httptools_impl.py", line 409, in run_asgi
    result = await app(  # type: ignore[func-returns-value]
             ^^^^^^^^^^^^^^^^^^^^^^^^^^^^^^^^^^^^^^^^^^^^^^
  File "C:\Users\delav\Downloads\dofimall-sniper\dofimall-sniper\backend\venv\Lib\site-packages\uvicorn\middleware\proxy_headers.py", line 60, in __call__
    return await self.app(scope, receive, send)
           ^^^^^^^^^^^^^^^^^^^^^^^^^^^^^^^^^^^^
  File "C:\Users\delav\Downloads\dofimall-sniper\dofimall-sniper\backend\venv\Lib\site-packages\fastapi\applications.py", line 1054, in __call__
    await super().__call__(scope, receive, send)
  File "C:\Users\delav\Downloads\dofimall-sniper\dofimall-sniper\backend\venv\Lib\site-packages\starlette\applications.py", line 113, in __call__
    await self.middleware_stack(scope, receive, send)
  File "C:\Users\delav\Downloads\dofimall-sniper\dofimall-sniper\backend\venv\Lib\site-packages\starlette\middleware\errors.py", line 187, in __call__
    raise exc
  File "C:\Users\delav\Downloads\dofimall-sniper\dofimall-sniper\backend\venv\Lib\site-packages\starlette\middleware\errors.py", line 165, in __call__
    await self.app(scope, receive, _send)
  File "C:\Users\delav\Downloads\dofimall-sniper\dofimall-sniper\backend\venv\Lib\site-packages\starlette\middleware\cors.py", line 85, in __call__
    await self.app(scope, receive, send)
  File "C:\Users\delav\Downloads\dofimall-sniper\dofimall-sniper\backend\venv\Lib\site-packages\starlette\middleware\exceptions.py", line 62, in __call__
    await wrap_app_handling_exceptions(self.app, conn)(scope, receive, send)
  File "C:\Users\delav\Downloads\dofimall-sniper\dofimall-sniper\backend\venv\Lib\site-packages\starlette\_exception_handler.py", line 53, in wrapped_app
    raise exc
  File "C:\Users\delav\Downloads\dofimall-sniper\dofimall-sniper\backend\venv\Lib\site-packages\starlette\_exception_handler.py", line 42, in wrapped_app
    await app(scope, receive, sender)
  File "C:\Users\delav\Downloads\dofimall-sniper\dofimall-sniper\backend\venv\Lib\site-packages\starlette\routing.py", line 715, in __call__
    await self.middleware_stack(scope, receive, send)
  File "C:\Users\delav\Downloads\dofimall-sniper\dofimall-sniper\backend\venv\Lib\site-packages\starlette\routing.py", line 735, in app
    await route.handle(scope, receive, send)
  File "C:\Users\delav\Downloads\dofimall-sniper\dofimall-sniper\backend\venv\Lib\site-packages\starlette\routing.py", line 288, in handle
    await self.app(scope, receive, send)
  File "C:\Users\delav\Downloads\dofimall-sniper\dofimall-sniper\backend\venv\Lib\site-packages\starlette\routing.py", line 76, in app
    await wrap_app_handling_exceptions(app, request)(scope, receive, send)
  File "C:\Users\delav\Downloads\dofimall-sniper\dofimall-sniper\backend\venv\Lib\site-packages\starlette\_exception_handler.py", line 53, in wrapped_app
    raise exc
  File "C:\Users\delav\Downloads\dofimall-sniper\dofimall-sniper\backend\venv\Lib\site-packages\starlette\_exception_handler.py", line 42, in wrapped_app
    await app(scope, receive, sender)
  File "C:\Users\delav\Downloads\dofimall-sniper\dofimall-sniper\backend\venv\Lib\site-packages\starlette\routing.py", line 73, in app
    response = await f(request)
               ^^^^^^^^^^^^^^^^
  File "C:\Users\delav\Downloads\dofimall-sniper\dofimall-sniper\backend\venv\Lib\site-packages\fastapi\routing.py", line 301, in app
    raw_response = await run_endpoint_function(
                   ^^^^^^^^^^^^^^^^^^^^^^^^^^^^
  File "C:\Users\delav\Downloads\dofimall-sniper\dofimall-sniper\backend\venv\Lib\site-packages\fastapi\routing.py", line 212, in run_endpoint_function
    return await dependant.call(**values)
           ^^^^^^^^^^^^^^^^^^^^^^^^^^^^^^
  File "C:\Users\delav\Downloads\dofimall-sniper\dofimall-sniper\backend\app\api\products.py", line 31, in get_products
    result = await db.execute(query)
             ^^^^^^^^^^^^^^^^^^^^^^^
  File "C:\Users\delav\Downloads\dofimall-sniper\dofimall-sniper\backend\venv\Lib\site-packages\sqlalchemy\ext\asyncio\session.py", line 461, in execute
    result = await greenlet_spawn(
             ^^^^^^^^^^^^^^^^^^^^^
  File "C:\Users\delav\Downloads\dofimall-sniper\dofimall-sniper\backend\venv\Lib\site-packages\sqlalchemy\util\_concurrency_py3k.py", line 203, in greenlet_spawn
    result = context.switch(value)
             ^^^^^^^^^^^^^^^^^^^^^
  File "C:\Users\delav\Downloads\dofimall-sniper\dofimall-sniper\backend\venv\Lib\site-packages\sqlalchemy\orm\session.py", line 2362, in execute
    return self._execute_internal(
           ^^^^^^^^^^^^^^^^^^^^^^^
  File "C:\Users\delav\Downloads\dofimall-sniper\dofimall-sniper\backend\venv\Lib\site-packages\sqlalchemy\orm\session.py", line 2247, in _execute_internal
    result: Result[Any] = compile_state_cls.orm_execute_statement(
                          ^^^^^^^^^^^^^^^^^^^^^^^^^^^^^^^^^^^^^^^^
  File "C:\Users\delav\Downloads\dofimall-sniper\dofimall-sniper\backend\venv\Lib\site-packages\sqlalchemy\orm\context.py", line 308, in orm_execute_statement
    return cls.orm_setup_cursor_result(
           ^^^^^^^^^^^^^^^^^^^^^^^^^^^^
  File "C:\Users\delav\Downloads\dofimall-sniper\dofimall-sniper\backend\venv\Lib\site-packages\sqlalchemy\orm\context.py", line 600, in orm_setup_cursor_result
    return loading.instances(result, querycontext)
           ^^^^^^^^^^^^^^^^^^^^^^^^^^^^^^^^^^^^^^^
  File "C:\Users\delav\Downloads\dofimall-sniper\dofimall-sniper\backend\venv\Lib\site-packages\sqlalchemy\orm\loading.py", line 261, in instances
    _prebuffered = list(chunks(None))
                   ^^^^^^^^^^^^^^^^^^
  File "C:\Users\delav\Downloads\dofimall-sniper\dofimall-sniper\backend\venv\Lib\site-packages\sqlalchemy\orm\loading.py", line 219, in chunks
    fetch = cursor._raw_all_rows()
            ^^^^^^^^^^^^^^^^^^^^^^
  File "C:\Users\delav\Downloads\dofimall-sniper\dofimall-sniper\backend\venv\Lib\site-packages\sqlalchemy\engine\result.py", line 541, in _raw_all_rows
    return [make_row(row) for row in rows]
            ^^^^^^^^^^^^^
  File "lib\\sqlalchemy\\cyextension\\resultproxy.pyx", line 22, in sqlalchemy.cyextension.resultproxy.BaseRow.__init__
  File "lib\\sqlalchemy\\cyextension\\resultproxy.pyx", line 79, in sqlalchemy.cyextension.resultproxy._apply_processors
  File "C:\Users\delav\Downloads\dofimall-sniper\dofimall-sniper\backend\venv\Lib\site-packages\sqlalchemy\sql\sqltypes.py", line 1745, in process
    value = self._object_value_for_elem(value)
            ^^^^^^^^^^^^^^^^^^^^^^^^^^^^^^^^^^
  File "C:\Users\delav\Downloads\dofimall-sniper\dofimall-sniper\backend\venv\Lib\site-packages\sqlalchemy\sql\sqltypes.py", line 1627, in _object_value_for_elem
    raise LookupError(
LookupError: 'RESERVED' is not among the defined enum values. Enum name: productstatus. Possible values: MONITORING, PAUSED
2026-04-08 06:03:33.965 | INFO     | app.scraper.browser:start:28 - \U0001f310 Iniciando Playwright browser en modo persistente... Directorio: 
C:\Users\delav\Downloads\dofimall-sniper\dofimall-sniper\backend\browser_data
Task exception was never retrieved
future: <Task finished name='Task-79' coro=<Connection.run() done, defined at C:\Users\delav\Downloads\dofimall-sniper\dofimall-sniper\backend\venv\Lib\site-packages\playwright\_impl\_connection.py:272> 
exception=NotImplementedError()>
Traceback (most recent call last):
  File "C:\Users\delav\Downloads\dofimall-sniper\dofimall-sniper\backend\venv\Lib\site-packages\playwright\_impl\_connection.py", line 279, in run
    await self._transport.connect()
  File "C:\Users\delav\Downloads\dofimall-sniper\dofimall-sniper\backend\venv\Lib\site-packages\playwright\_impl\_transport.py", line 133, in connect
    raise exc
  File "C:\Users\delav\Downloads\dofimall-sniper\dofimall-sniper\backend\venv\Lib\site-packages\playwright\_impl\_transport.py", line 120, in connect
    self._proc = await asyncio.create_subprocess_exec(
                 ^^^^^^^^^^^^^^^^^^^^^^^^^^^^^^^^^^^^^
  File "C:\Users\delav\AppData\Local\Programs\Python\Python312\Lib\asyncio\subprocess.py", line 224, in create_subprocess_exec
    transport, protocol = await loop.subprocess_exec(
                          ^^^^^^^^^^^^^^^^^^^^^^^^^^^
  File "C:\Users\delav\AppData\Local\Programs\Python\Python312\Lib\asyncio\base_events.py", line 1756, in subprocess_exec
    transport = await self._make_subprocess_transport(
                ^^^^^^^^^^^^^^^^^^^^^^^^^^^^^^^^^^^^^^
  File "C:\Users\delav\AppData\Local\Programs\Python\Python312\Lib\asyncio\base_events.py", line 528, in _make_subprocess_transport
    raise NotImplementedError
NotImplementedError
INFO:     127.0.0.1:2611 - "POST /api/settings/force-login HTTP/1.1" 200 OK
Job "Job Synchronizer (trigger: interval[0:00:05], next run at: 2026-04-08 06:03:39 CEST)" raised an exception
Traceback (most recent call last):
  File "C:\Users\delav\Downloads\dofimall-sniper\dofimall-sniper\backend\venv\Lib\site-packages\sqlalchemy\sql\sqltypes.py", line 1625, in _object_value_for_elem
    return self._object_lookup[elem]
           ~~~~~~~~~~~~~~~~~~~^^^^^^
KeyError: 'IN_STOCK'

The above exception was the direct cause of the following exception:

Traceback (most recent call last):
  File "C:\Users\delav\Downloads\dofimall-sniper\dofimall-sniper\backend\venv\Lib\site-packages\apscheduler\executors\base_py3.py", line 30, in run_coroutine_job
    retval = await job.func(*job.args, **job.kwargs)
             ^^^^^^^^^^^^^^^^^^^^^^^^^^^^^^^^^^^^^^^
  File "C:\Users\delav\Downloads\dofimall-sniper\dofimall-sniper\backend\app\main.py", line 317, in job_synchronizer
    result = await db.execute(select(Product))
             ^^^^^^^^^^^^^^^^^^^^^^^^^^^^^^^^^
  File "C:\Users\delav\Downloads\dofimall-sniper\dofimall-sniper\backend\venv\Lib\site-packages\sqlalchemy\ext\asyncio\session.py", line 461, in execute
    result = await greenlet_spawn(
             ^^^^^^^^^^^^^^^^^^^^^
  File "C:\Users\delav\Downloads\dofimall-sniper\dofimall-sniper\backend\venv\Lib\site-packages\sqlalchemy\util\_concurrency_py3k.py", line 203, in greenlet_spawn
    result = context.switch(value)
             ^^^^^^^^^^^^^^^^^^^^^
  File "C:\Users\delav\Downloads\dofimall-sniper\dofimall-sniper\backend\venv\Lib\site-packages\sqlalchemy\orm\session.py", line 2362, in execute
    return self._execute_internal(
           ^^^^^^^^^^^^^^^^^^^^^^^
  File "C:\Users\delav\Downloads\dofimall-sniper\dofimall-sniper\backend\venv\Lib\site-packages\sqlalchemy\orm\session.py", line 2247, in _execute_internal
    result: Result[Any] = compile_state_cls.orm_execute_statement(
                          ^^^^^^^^^^^^^^^^^^^^^^^^^^^^^^^^^^^^^^^^
  File "C:\Users\delav\Downloads\dofimall-sniper\dofimall-sniper\backend\venv\Lib\site-packages\sqlalchemy\orm\context.py", line 308, in orm_execute_statement
    return cls.orm_setup_cursor_result(
           ^^^^^^^^^^^^^^^^^^^^^^^^^^^^
  File "C:\Users\delav\Downloads\dofimall-sniper\dofimall-sniper\backend\venv\Lib\site-packages\sqlalchemy\orm\context.py", line 600, in orm_setup_cursor_result
    return loading.instances(result, querycontext)
           ^^^^^^^^^^^^^^^^^^^^^^^^^^^^^^^^^^^^^^^
  File "C:\Users\delav\Downloads\dofimall-sniper\dofimall-sniper\backend\venv\Lib\site-packages\sqlalchemy\orm\loading.py", line 261, in instances
    _prebuffered = list(chunks(None))
                   ^^^^^^^^^^^^^^^^^^
  File "C:\Users\delav\Downloads\dofimall-sniper\dofimall-sniper\backend\venv\Lib\site-packages\sqlalchemy\orm\loading.py", line 219, in chunks
    fetch = cursor._raw_all_rows()
            ^^^^^^^^^^^^^^^^^^^^^^
  File "C:\Users\delav\Downloads\dofimall-sniper\dofimall-sniper\backend\venv\Lib\site-packages\sqlalchemy\engine\result.py", line 541, in _raw_all_rows
    return [make_row(row) for row in rows]
            ^^^^^^^^^^^^^
  File "lib\\sqlalchemy\\cyextension\\resultproxy.pyx", line 22, in sqlalchemy.cyextension.resultproxy.BaseRow.__init__
  File "lib\\sqlalchemy\\cyextension\\resultproxy.pyx", line 79, in sqlalchemy.cyextension.resultproxy._apply_processors
  File "C:\Users\delav\Downloads\dofimall-sniper\dofimall-sniper\backend\venv\Lib\site-packages\sqlalchemy\sql\sqltypes.py", line 1745, in process
    value = self._object_value_for_elem(value)
            ^^^^^^^^^^^^^^^^^^^^^^^^^^^^^^^^^^
  File "C:\Users\delav\Downloads\dofimall-sniper\dofimall-sniper\backend\venv\Lib\site-packages\sqlalchemy\sql\sqltypes.py", line 1627, in _object_value_for_elem
    raise LookupError(
LookupError: 'IN_STOCK' is not among the defined enum values. Enum name: productstatus. Possible values: MONITORING, PAUSED
INFO:     127.0.0.1:1858 - "GET /api/products/ HTTP/1.1" 500 Internal Server Error
ERROR:    Exception in ASGI application
Traceback (most recent call last):
  File "C:\Users\delav\Downloads\dofimall-sniper\dofimall-sniper\backend\venv\Lib\site-packages\sqlalchemy\sql\sqltypes.py", line 1625, in _object_value_for_elem
    return self._object_lookup[elem]
           ~~~~~~~~~~~~~~~~~~~^^^^^^
KeyError: 'RESERVED'

The above exception was the direct cause of the following exception:

Traceback (most recent call last):
  File "C:\Users\delav\Downloads\dofimall-sniper\dofimall-sniper\backend\venv\Lib\site-packages\uvicorn\protocols\http\httptools_impl.py", line 409, in run_asgi
    result = await app(  # type: ignore[func-returns-value]
             ^^^^^^^^^^^^^^^^^^^^^^^^^^^^^^^^^^^^^^^^^^^^^^
  File "C:\Users\delav\Downloads\dofimall-sniper\dofimall-sniper\backend\venv\Lib\site-packages\uvicorn\middleware\proxy_headers.py", line 60, in __call__
    return await self.app(scope, receive, send)
           ^^^^^^^^^^^^^^^^^^^^^^^^^^^^^^^^^^^^
  File "C:\Users\delav\Downloads\dofimall-sniper\dofimall-sniper\backend\venv\Lib\site-packages\fastapi\applications.py", line 1054, in __call__
    await super().__call__(scope, receive, send)
  File "C:\Users\delav\Downloads\dofimall-sniper\dofimall-sniper\backend\venv\Lib\site-packages\starlette\applications.py", line 113, in __call__
    await self.middleware_stack(scope, receive, send)
  File "C:\Users\delav\Downloads\dofimall-sniper\dofimall-sniper\backend\venv\Lib\site-packages\starlette\middleware\errors.py", line 187, in __call__
    raise exc
  File "C:\Users\delav\Downloads\dofimall-sniper\dofimall-sniper\backend\venv\Lib\site-packages\starlette\middleware\errors.py", line 165, in __call__
    await self.app(scope, receive, _send)
  File "C:\Users\delav\Downloads\dofimall-sniper\dofimall-sniper\backend\venv\Lib\site-packages\starlette\middleware\cors.py", line 85, in __call__
    await self.app(scope, receive, send)
  File "C:\Users\delav\Downloads\dofimall-sniper\dofimall-sniper\backend\venv\Lib\site-packages\starlette\middleware\exceptions.py", line 62, in __call__
    await wrap_app_handling_exceptions(self.app, conn)(scope, receive, send)
  File "C:\Users\delav\Downloads\dofimall-sniper\dofimall-sniper\backend\venv\Lib\site-packages\starlette\_exception_handler.py", line 53, in wrapped_app
    raise exc
  File "C:\Users\delav\Downloads\dofimall-sniper\dofimall-sniper\backend\venv\Lib\site-packages\starlette\_exception_handler.py", line 42, in wrapped_app
    await app(scope, receive, sender)
  File "C:\Users\delav\Downloads\dofimall-sniper\dofimall-sniper\backend\venv\Lib\site-packages\starlette\routing.py", line 715, in __call__
    await self.middleware_stack(scope, receive, send)
  File "C:\Users\delav\Downloads\dofimall-sniper\dofimall-sniper\backend\venv\Lib\site-packages\starlette\routing.py", line 735, in app
    await route.handle(scope, receive, send)
  File "C:\Users\delav\Downloads\dofimall-sniper\dofimall-sniper\backend\venv\Lib\site-packages\starlette\routing.py", line 288, in handle
    await self.app(scope, receive, send)
  File "C:\Users\delav\Downloads\dofimall-sniper\dofimall-sniper\backend\venv\Lib\site-packages\starlette\routing.py", line 76, in app
    await wrap_app_handling_exceptions(app, request)(scope, receive, send)
  File "C:\Users\delav\Downloads\dofimall-sniper\dofimall-sniper\backend\venv\Lib\site-packages\starlette\_exception_handler.py", line 53, in wrapped_app
    raise exc
  File "C:\Users\delav\Downloads\dofimall-sniper\dofimall-sniper\backend\venv\Lib\site-packages\starlette\_exception_handler.py", line 42, in wrapped_app
    await app(scope, receive, sender)
  File "C:\Users\delav\Downloads\dofimall-sniper\dofimall-sniper\backend\venv\Lib\site-packages\starlette\routing.py", line 73, in app
    response = await f(request)
               ^^^^^^^^^^^^^^^^
  File "C:\Users\delav\Downloads\dofimall-sniper\dofimall-sniper\backend\venv\Lib\site-packages\fastapi\routing.py", line 301, in app
    raw_response = await run_endpoint_function(
                   ^^^^^^^^^^^^^^^^^^^^^^^^^^^^
  File "C:\Users\delav\Downloads\dofimall-sniper\dofimall-sniper\backend\venv\Lib\site-packages\fastapi\routing.py", line 212, in run_endpoint_function
    return await dependant.call(**values)
           ^^^^^^^^^^^^^^^^^^^^^^^^^^^^^^
  File "C:\Users\delav\Downloads\dofimall-sniper\dofimall-sniper\backend\app\api\products.py", line 31, in get_products
    result = await db.execute(query)
             ^^^^^^^^^^^^^^^^^^^^^^^
  File "C:\Users\delav\Downloads\dofimall-sniper\dofimall-sniper\backend\venv\Lib\site-packages\sqlalchemy\ext\asyncio\session.py", line 461, in execute
    result = await greenlet_spawn(
             ^^^^^^^^^^^^^^^^^^^^^
  File "C:\Users\delav\Downloads\dofimall-sniper\dofimall-sniper\backend\venv\Lib\site-packages\sqlalchemy\util\_concurrency_py3k.py", line 203, in greenlet_spawn
    result = context.switch(value)
             ^^^^^^^^^^^^^^^^^^^^^
  File "C:\Users\delav\Downloads\dofimall-sniper\dofimall-sniper\backend\venv\Lib\site-packages\sqlalchemy\orm\session.py", line 2362, in execute
    return self._execute_internal(
           ^^^^^^^^^^^^^^^^^^^^^^^
  File "C:\Users\delav\Downloads\dofimall-sniper\dofimall-sniper\backend\venv\Lib\site-packages\sqlalchemy\orm\session.py", line 2247, in _execute_internal
    result: Result[Any] = compile_state_cls.orm_execute_statement(
                          ^^^^^^^^^^^^^^^^^^^^^^^^^^^^^^^^^^^^^^^^
  File "C:\Users\delav\Downloads\dofimall-sniper\dofimall-sniper\backend\venv\Lib\site-packages\sqlalchemy\orm\context.py", line 308, in orm_execute_statement
    return cls.orm_setup_cursor_result(
           ^^^^^^^^^^^^^^^^^^^^^^^^^^^^
  File "C:\Users\delav\Downloads\dofimall-sniper\dofimall-sniper\backend\venv\Lib\site-packages\sqlalchemy\orm\context.py", line 600, in orm_setup_cursor_result
    return loading.instances(result, querycontext)
           ^^^^^^^^^^^^^^^^^^^^^^^^^^^^^^^^^^^^^^^
  File "C:\Users\delav\Downloads\dofimall-sniper\dofimall-sniper\backend\venv\Lib\site-packages\sqlalchemy\orm\loading.py", line 261, in instances
    _prebuffered = list(chunks(None))
                   ^^^^^^^^^^^^^^^^^^
  File "C:\Users\delav\Downloads\dofimall-sniper\dofimall-sniper\backend\venv\Lib\site-packages\sqlalchemy\orm\loading.py", line 219, in chunks
    fetch = cursor._raw_all_rows()
            ^^^^^^^^^^^^^^^^^^^^^^
  File "C:\Users\delav\Downloads\dofimall-sniper\dofimall-sniper\backend\venv\Lib\site-packages\sqlalchemy\engine\result.py", line 541, in _raw_all_rows
    return [make_row(row) for row in rows]
            ^^^^^^^^^^^^^
  File "lib\\sqlalchemy\\cyextension\\resultproxy.pyx", line 22, in sqlalchemy.cyextension.resultproxy.BaseRow.__init__
  File "lib\\sqlalchemy\\cyextension\\resultproxy.pyx", line 79, in sqlalchemy.cyextension.resultproxy._apply_processors
  File "C:\Users\delav\Downloads\dofimall-sniper\dofimall-sniper\backend\venv\Lib\site-packages\sqlalchemy\sql\sqltypes.py", line 1745, in process
    value = self._object_value_for_elem(value)
            ^^^^^^^^^^^^^^^^^^^^^^^^^^^^^^^^^^
  File "C:\Users\delav\Downloads\dofimall-sniper\dofimall-sniper\backend\venv\Lib\site-packages\sqlalchemy\sql\sqltypes.py", line 1627, in _object_value_for_elem
    raise LookupError(
LookupError: 'RESERVED' is not among the defined enum values. Enum name: productstatus. Possible values: MONITORING, PAUSED
INFO:     127.0.0.1:1857 - "GET /api/dashboard HTTP/1.1" 500 Internal Server Error
ERROR:    Exception in ASGI application
Traceback (most recent call last):
  File "C:\Users\delav\Downloads\dofimall-sniper\dofimall-sniper\backend\venv\Lib\site-packages\sqlalchemy\sql\sqltypes.py", line 1625, in _object_value_for_elem
    return self._object_lookup[elem]
           ~~~~~~~~~~~~~~~~~~~^^^^^^
KeyError: 'IN_STOCK'

The above exception was the direct cause of the following exception:

Traceback (most recent call last):
  File "C:\Users\delav\Downloads\dofimall-sniper\dofimall-sniper\backend\venv\Lib\site-packages\uvicorn\protocols\http\httptools_impl.py", line 409, in run_asgi
    result = await app(  # type: ignore[func-returns-value]
             ^^^^^^^^^^^^^^^^^^^^^^^^^^^^^^^^^^^^^^^^^^^^^^
  File "C:\Users\delav\Downloads\dofimall-sniper\dofimall-sniper\backend\venv\Lib\site-packages\uvicorn\middleware\proxy_headers.py", line 60, in __call__
    return await self.app(scope, receive, send)
           ^^^^^^^^^^^^^^^^^^^^^^^^^^^^^^^^^^^^
  File "C:\Users\delav\Downloads\dofimall-sniper\dofimall-sniper\backend\venv\Lib\site-packages\fastapi\applications.py", line 1054, in __call__
    await super().__call__(scope, receive, send)
  File "C:\Users\delav\Downloads\dofimall-sniper\dofimall-sniper\backend\venv\Lib\site-packages\starlette\applications.py", line 113, in __call__
    await self.middleware_stack(scope, receive, send)
  File "C:\Users\delav\Downloads\dofimall-sniper\dofimall-sniper\backend\venv\Lib\site-packages\starlette\middleware\errors.py", line 187, in __call__
    raise exc
  File "C:\Users\delav\Downloads\dofimall-sniper\dofimall-sniper\backend\venv\Lib\site-packages\starlette\middleware\errors.py", line 165, in __call__
    await self.app(scope, receive, _send)
  File "C:\Users\delav\Downloads\dofimall-sniper\dofimall-sniper\backend\venv\Lib\site-packages\starlette\middleware\cors.py", line 85, in __call__
    await self.app(scope, receive, send)
  File "C:\Users\delav\Downloads\dofimall-sniper\dofimall-sniper\backend\venv\Lib\site-packages\starlette\middleware\exceptions.py", line 62, in __call__
    await wrap_app_handling_exceptions(self.app, conn)(scope, receive, send)
  File "C:\Users\delav\Downloads\dofimall-sniper\dofimall-sniper\backend\venv\Lib\site-packages\starlette\_exception_handler.py", line 53, in wrapped_app
    raise exc
  File "C:\Users\delav\Downloads\dofimall-sniper\dofimall-sniper\backend\venv\Lib\site-packages\starlette\_exception_handler.py", line 42, in wrapped_app
    await app(scope, receive, sender)
  File "C:\Users\delav\Downloads\dofimall-sniper\dofimall-sniper\backend\venv\Lib\site-packages\starlette\routing.py", line 715, in __call__
    await self.middleware_stack(scope, receive, send)
  File "C:\Users\delav\Downloads\dofimall-sniper\dofimall-sniper\backend\venv\Lib\site-packages\starlette\routing.py", line 735, in app
    await route.handle(scope, receive, send)
  File "C:\Users\delav\Downloads\dofimall-sniper\dofimall-sniper\backend\venv\Lib\site-packages\starlette\routing.py", line 288, in handle
    await self.app(scope, receive, send)
  File "C:\Users\delav\Downloads\dofimall-sniper\dofimall-sniper\backend\venv\Lib\site-packages\starlette\routing.py", line 76, in app
    await wrap_app_handling_exceptions(app, request)(scope, receive, send)
  File "C:\Users\delav\Downloads\dofimall-sniper\dofimall-sniper\backend\venv\Lib\site-packages\starlette\_exception_handler.py", line 53, in wrapped_app
    raise exc
  File "C:\Users\delav\Downloads\dofimall-sniper\dofimall-sniper\backend\venv\Lib\site-packages\starlette\_exception_handler.py", line 42, in wrapped_app
    await app(scope, receive, sender)
  File "C:\Users\delav\Downloads\dofimall-sniper\dofimall-sniper\backend\venv\Lib\site-packages\starlette\routing.py", line 73, in app
    response = await f(request)
               ^^^^^^^^^^^^^^^^
  File "C:\Users\delav\Downloads\dofimall-sniper\dofimall-sniper\backend\venv\Lib\site-packages\fastapi\routing.py", line 301, in app
    raw_response = await run_endpoint_function(
                   ^^^^^^^^^^^^^^^^^^^^^^^^^^^^
  File "C:\Users\delav\Downloads\dofimall-sniper\dofimall-sniper\backend\venv\Lib\site-packages\fastapi\routing.py", line 212, in run_endpoint_function
    return await dependant.call(**values)
           ^^^^^^^^^^^^^^^^^^^^^^^^^^^^^^
  File "C:\Users\delav\Downloads\dofimall-sniper\dofimall-sniper\backend\app\main.py", line 552, in get_dashboard
    products = await db.execute(select(Product))
               ^^^^^^^^^^^^^^^^^^^^^^^^^^^^^^^^^
  File "C:\Users\delav\Downloads\dofimall-sniper\dofimall-sniper\backend\venv\Lib\site-packages\sqlalchemy\ext\asyncio\session.py", line 461, in execute
    result = await greenlet_spawn(
             ^^^^^^^^^^^^^^^^^^^^^
  File "C:\Users\delav\Downloads\dofimall-sniper\dofimall-sniper\backend\venv\Lib\site-packages\sqlalchemy\util\_concurrency_py3k.py", line 203, in greenlet_spawn
    result = context.switch(value)
             ^^^^^^^^^^^^^^^^^^^^^
  File "C:\Users\delav\Downloads\dofimall-sniper\dofimall-sniper\backend\venv\Lib\site-packages\sqlalchemy\orm\session.py", line 2362, in execute
    return self._execute_internal(
           ^^^^^^^^^^^^^^^^^^^^^^^
  File "C:\Users\delav\Downloads\dofimall-sniper\dofimall-sniper\backend\venv\Lib\site-packages\sqlalchemy\orm\session.py", line 2247, in _execute_internal
    result: Result[Any] = compile_state_cls.orm_execute_statement(
                          ^^^^^^^^^^^^^^^^^^^^^^^^^^^^^^^^^^^^^^^^
  File "C:\Users\delav\Downloads\dofimall-sniper\dofimall-sniper\backend\venv\Lib\site-packages\sqlalchemy\orm\context.py", line 308, in orm_execute_statement
    return cls.orm_setup_cursor_result(
           ^^^^^^^^^^^^^^^^^^^^^^^^^^^^
  File "C:\Users\delav\Downloads\dofimall-sniper\dofimall-sniper\backend\venv\Lib\site-packages\sqlalchemy\orm\context.py", line 600, in orm_setup_cursor_result
    return loading.instances(result, querycontext)
           ^^^^^^^^^^^^^^^^^^^^^^^^^^^^^^^^^^^^^^^
  File "C:\Users\delav\Downloads\dofimall-sniper\dofimall-sniper\backend\venv\Lib\site-packages\sqlalchemy\orm\loading.py", line 261, in instances
    _prebuffered = list(chunks(None))
                   ^^^^^^^^^^^^^^^^^^
  File "C:\Users\delav\Downloads\dofimall-sniper\dofimall-sniper\backend\venv\Lib\site-packages\sqlalchemy\orm\loading.py", line 219, in chunks
    fetch = cursor._raw_all_rows()
            ^^^^^^^^^^^^^^^^^^^^^^
  File "C:\Users\delav\Downloads\dofimall-sniper\dofimall-sniper\backend\venv\Lib\site-packages\sqlalchemy\engine\result.py", line 541, in _raw_all_rows
    return [make_row(row) for row in rows]
            ^^^^^^^^^^^^^
  File "lib\\sqlalchemy\\cyextension\\resultproxy.pyx", line 22, in sqlalchemy.cyextension.resultproxy.BaseRow.__init__
  File "lib\\sqlalchemy\\cyextension\\resultproxy.pyx", line 79, in sqlalchemy.cyextension.resultproxy._apply_processors
  File "C:\Users\delav\Downloads\dofimall-sniper\dofimall-sniper\backend\venv\Lib\site-packages\sqlalchemy\sql\sqltypes.py", line 1745, in process
    value = self._object_value_for_elem(value)
            ^^^^^^^^^^^^^^^^^^^^^^^^^^^^^^^^^^
  File "C:\Users\delav\Downloads\dofimall-sniper\dofimall-sniper\backend\venv\Lib\site-packages\sqlalchemy\sql\sqltypes.py", line 1627, in _object_value_for_elem
    raise LookupError(
LookupError: 'IN_STOCK' is not among the defined enum values. Enum name: productstatus. Possible values: MONITORING, PAUSED
INFO:     127.0.0.1:2392 - "GET /api/logs/?limit=30 HTTP/1.1" 200 OK
INFO:     127.0.0.1:5172 - "GET /api/settings/session-status-fast HTTP/1.1" 200 OK
INFO:     127.0.0.1:2393 - "GET /api/categories HTTP/1.1" 200 OK
Job "Job Synchronizer (trigger: interval[0:00:05], next run at: 2026-04-08 06:03:44 CEST)" raised an exception
Traceback (most recent call last):
  File "C:\Users\delav\Downloads\dofimall-sniper\dofimall-sniper\backend\venv\Lib\site-packages\sqlalchemy\sql\sqltypes.py", line 1625, in _object_value_for_elem
    return self._object_lookup[elem]
           ~~~~~~~~~~~~~~~~~~~^^^^^^
KeyError: 'IN_STOCK'

The above exception was the direct cause of the following exception:

Traceback (most recent call last):
  File "C:\Users\delav\Downloads\dofimall-sniper\dofimall-sniper\backend\venv\Lib\site-packages\apscheduler\executors\base_py3.py", line 30, in run_coroutine_job
    retval = await job.func(*job.args, **job.kwargs)
             ^^^^^^^^^^^^^^^^^^^^^^^^^^^^^^^^^^^^^^^
  File "C:\Users\delav\Downloads\dofimall-sniper\dofimall-sniper\backend\app\main.py", line 317, in job_synchronizer
    result = await db.execute(select(Product))
             ^^^^^^^^^^^^^^^^^^^^^^^^^^^^^^^^^
  File "C:\Users\delav\Downloads\dofimall-sniper\dofimall-sniper\backend\venv\Lib\site-packages\sqlalchemy\ext\asyncio\session.py", line 461, in execute
    result = await greenlet_spawn(
             ^^^^^^^^^^^^^^^^^^^^^
  File "C:\Users\delav\Downloads\dofimall-sniper\dofimall-sniper\backend\venv\Lib\site-packages\sqlalchemy\util\_concurrency_py3k.py", line 203, in greenlet_spawn
    result = context.switch(value)
             ^^^^^^^^^^^^^^^^^^^^^
  File "C:\Users\delav\Downloads\dofimall-sniper\dofimall-sniper\backend\venv\Lib\site-packages\sqlalchemy\orm\session.py", line 2362, in execute
    return self._execute_internal(
           ^^^^^^^^^^^^^^^^^^^^^^^
  File "C:\Users\delav\Downloads\dofimall-sniper\dofimall-sniper\backend\venv\Lib\site-packages\sqlalchemy\orm\session.py", line 2247, in _execute_internal
    result: Result[Any] = compile_state_cls.orm_execute_statement(
                          ^^^^^^^^^^^^^^^^^^^^^^^^^^^^^^^^^^^^^^^^
  File "C:\Users\delav\Downloads\dofimall-sniper\dofimall-sniper\backend\venv\Lib\site-packages\sqlalchemy\orm\context.py", line 308, in orm_execute_statement
    return cls.orm_setup_cursor_result(
           ^^^^^^^^^^^^^^^^^^^^^^^^^^^^
  File "C:\Users\delav\Downloads\dofimall-sniper\dofimall-sniper\backend\venv\Lib\site-packages\sqlalchemy\orm\context.py", line 600, in orm_setup_cursor_result
    return loading.instances(result, querycontext)
           ^^^^^^^^^^^^^^^^^^^^^^^^^^^^^^^^^^^^^^^
  File "C:\Users\delav\Downloads\dofimall-sniper\dofimall-sniper\backend\venv\Lib\site-packages\sqlalchemy\orm\loading.py", line 261, in instances
    _prebuffered = list(chunks(None))
                   ^^^^^^^^^^^^^^^^^^
  File "C:\Users\delav\Downloads\dofimall-sniper\dofimall-sniper\backend\venv\Lib\site-packages\sqlalchemy\orm\loading.py", line 219, in chunks
    fetch = cursor._raw_all_rows()
            ^^^^^^^^^^^^^^^^^^^^^^
  File "C:\Users\delav\Downloads\dofimall-sniper\dofimall-sniper\backend\venv\Lib\site-packages\sqlalchemy\engine\result.py", line 541, in _raw_all_rows
    return [make_row(row) for row in rows]
            ^^^^^^^^^^^^^
  File "lib\\sqlalchemy\\cyextension\\resultproxy.pyx", line 22, in sqlalchemy.cyextension.resultproxy.BaseRow.__init__
  File "lib\\sqlalchemy\\cyextension\\resultproxy.pyx", line 79, in sqlalchemy.cyextension.resultproxy._apply_processors
  File "C:\Users\delav\Downloads\dofimall-sniper\dofimall-sniper\backend\venv\Lib\site-packages\sqlalchemy\sql\sqltypes.py", line 1745, in process
    value = self._object_value_for_elem(value)
            ^^^^^^^^^^^^^^^^^^^^^^^^^^^^^^^^^^
  File "C:\Users\delav\Downloads\dofimall-sniper\dofimall-sniper\backend\venv\Lib\site-packages\sqlalchemy\sql\sqltypes.py", line 1627, in _object_value_for_elem
    raise LookupError(
LookupError: 'IN_STOCK' is not among the defined enum values. Enum name: productstatus. Possible values: MONITORING, PAUSED
INFO:     127.0.0.1:5730 - "GET /api/settings/session-status-fast HTTP/1.1" 200 OK
INFO:     127.0.0.1:2933 - "GET /api/dashboard HTTP/1.1" 500 Internal Server Error
ERROR:    Exception in ASGI application
Traceback (most recent call last):
  File "C:\Users\delav\Downloads\dofimall-sniper\dofimall-sniper\backend\venv\Lib\site-packages\sqlalchemy\sql\sqltypes.py", line 1625, in _object_value_for_elem
    return self._object_lookup[elem]
           ~~~~~~~~~~~~~~~~~~~^^^^^^
KeyError: 'IN_STOCK'

The above exception was the direct cause of the following exception:

Traceback (most recent call last):
  File "C:\Users\delav\Downloads\dofimall-sniper\dofimall-sniper\backend\venv\Lib\site-packages\uvicorn\protocols\http\httptools_impl.py", line 409, in run_asgi
    result = await app(  # type: ignore[func-returns-value]
             ^^^^^^^^^^^^^^^^^^^^^^^^^^^^^^^^^^^^^^^^^^^^^^
  File "C:\Users\delav\Downloads\dofimall-sniper\dofimall-sniper\backend\venv\Lib\site-packages\uvicorn\middleware\proxy_headers.py", line 60, in __call__
    return await self.app(scope, receive, send)
           ^^^^^^^^^^^^^^^^^^^^^^^^^^^^^^^^^^^^
  File "C:\Users\delav\Downloads\dofimall-sniper\dofimall-sniper\backend\venv\Lib\site-packages\fastapi\applications.py", line 1054, in __call__
    await super().__call__(scope, receive, send)
  File "C:\Users\delav\Downloads\dofimall-sniper\dofimall-sniper\backend\venv\Lib\site-packages\starlette\applications.py", line 113, in __call__
    await self.middleware_stack(scope, receive, send)
  File "C:\Users\delav\Downloads\dofimall-sniper\dofimall-sniper\backend\venv\Lib\site-packages\starlette\middleware\errors.py", line 187, in __call__
    raise exc
  File "C:\Users\delav\Downloads\dofimall-sniper\dofimall-sniper\backend\venv\Lib\site-packages\starlette\middleware\errors.py", line 165, in __call__
    await self.app(scope, receive, _send)
  File "C:\Users\delav\Downloads\dofimall-sniper\dofimall-sniper\backend\venv\Lib\site-packages\starlette\middleware\cors.py", line 85, in __call__
    await self.app(scope, receive, send)
  File "C:\Users\delav\Downloads\dofimall-sniper\dofimall-sniper\backend\venv\Lib\site-packages\starlette\middleware\exceptions.py", line 62, in __call__
    await wrap_app_handling_exceptions(self.app, conn)(scope, receive, send)
  File "C:\Users\delav\Downloads\dofimall-sniper\dofimall-sniper\backend\venv\Lib\site-packages\starlette\_exception_handler.py", line 53, in wrapped_app
    raise exc
  File "C:\Users\delav\Downloads\dofimall-sniper\dofimall-sniper\backend\venv\Lib\site-packages\starlette\_exception_handler.py", line 42, in wrapped_app
    await app(scope, receive, sender)
  File "C:\Users\delav\Downloads\dofimall-sniper\dofimall-sniper\backend\venv\Lib\site-packages\starlette\routing.py", line 715, in __call__
    await self.middleware_stack(scope, receive, send)
  File "C:\Users\delav\Downloads\dofimall-sniper\dofimall-sniper\backend\venv\Lib\site-packages\starlette\routing.py", line 735, in app
    await route.handle(scope, receive, send)
  File "C:\Users\delav\Downloads\dofimall-sniper\dofimall-sniper\backend\venv\Lib\site-packages\starlette\routing.py", line 288, in handle
    await self.app(scope, receive, send)
  File "C:\Users\delav\Downloads\dofimall-sniper\dofimall-sniper\backend\venv\Lib\site-packages\starlette\routing.py", line 76, in app
    await wrap_app_handling_exceptions(app, request)(scope, receive, send)
  File "C:\Users\delav\Downloads\dofimall-sniper\dofimall-sniper\backend\venv\Lib\site-packages\starlette\_exception_handler.py", line 53, in wrapped_app
    raise exc
  File "C:\Users\delav\Downloads\dofimall-sniper\dofimall-sniper\backend\venv\Lib\site-packages\starlette\_exception_handler.py", line 42, in wrapped_app
    await app(scope, receive, sender)
  File "C:\Users\delav\Downloads\dofimall-sniper\dofimall-sniper\backend\venv\Lib\site-packages\starlette\routing.py", line 73, in app
    response = await f(request)
               ^^^^^^^^^^^^^^^^
  File "C:\Users\delav\Downloads\dofimall-sniper\dofimall-sniper\backend\venv\Lib\site-packages\fastapi\routing.py", line 301, in app
    raw_response = await run_endpoint_function(
                   ^^^^^^^^^^^^^^^^^^^^^^^^^^^^
  File "C:\Users\delav\Downloads\dofimall-sniper\dofimall-sniper\backend\venv\Lib\site-packages\fastapi\routing.py", line 212, in run_endpoint_function
    return await dependant.call(**values)
           ^^^^^^^^^^^^^^^^^^^^^^^^^^^^^^
  File "C:\Users\delav\Downloads\dofimall-sniper\dofimall-sniper\backend\app\main.py", line 552, in get_dashboard
    products = await db.execute(select(Product))
               ^^^^^^^^^^^^^^^^^^^^^^^^^^^^^^^^^
  File "C:\Users\delav\Downloads\dofimall-sniper\dofimall-sniper\backend\venv\Lib\site-packages\sqlalchemy\ext\asyncio\session.py", line 461, in execute
    result = await greenlet_spawn(
             ^^^^^^^^^^^^^^^^^^^^^
  File "C:\Users\delav\Downloads\dofimall-sniper\dofimall-sniper\backend\venv\Lib\site-packages\sqlalchemy\util\_concurrency_py3k.py", line 203, in greenlet_spawn
    result = context.switch(value)
             ^^^^^^^^^^^^^^^^^^^^^
  File "C:\Users\delav\Downloads\dofimall-sniper\dofimall-sniper\backend\venv\Lib\site-packages\sqlalchemy\orm\session.py", line 2362, in execute
    return self._execute_internal(
           ^^^^^^^^^^^^^^^^^^^^^^^
  File "C:\Users\delav\Downloads\dofimall-sniper\dofimall-sniper\backend\venv\Lib\site-packages\sqlalchemy\orm\session.py", line 2247, in _execute_internal
    result: Result[Any] = compile_state_cls.orm_execute_statement(
                          ^^^^^^^^^^^^^^^^^^^^^^^^^^^^^^^^^^^^^^^^
  File "C:\Users\delav\Downloads\dofimall-sniper\dofimall-sniper\backend\venv\Lib\site-packages\sqlalchemy\orm\context.py", line 308, in orm_execute_statement
    return cls.orm_setup_cursor_result(
           ^^^^^^^^^^^^^^^^^^^^^^^^^^^^
  File "C:\Users\delav\Downloads\dofimall-sniper\dofimall-sniper\backend\venv\Lib\site-packages\sqlalchemy\orm\context.py", line 600, in orm_setup_cursor_result
    return loading.instances(result, querycontext)
           ^^^^^^^^^^^^^^^^^^^^^^^^^^^^^^^^^^^^^^^
  File "C:\Users\delav\Downloads\dofimall-sniper\dofimall-sniper\backend\venv\Lib\site-packages\sqlalchemy\orm\loading.py", line 261, in instances
    _prebuffered = list(chunks(None))
                   ^^^^^^^^^^^^^^^^^^
  File "C:\Users\delav\Downloads\dofimall-sniper\dofimall-sniper\backend\venv\Lib\site-packages\sqlalchemy\orm\loading.py", line 219, in chunks
    fetch = cursor._raw_all_rows()
            ^^^^^^^^^^^^^^^^^^^^^^
  File "C:\Users\delav\Downloads\dofimall-sniper\dofimall-sniper\backend\venv\Lib\site-packages\sqlalchemy\engine\result.py", line 541, in _raw_all_rows
    return [make_row(row) for row in rows]
            ^^^^^^^^^^^^^
  File "lib\\sqlalchemy\\cyextension\\resultproxy.pyx", line 22, in sqlalchemy.cyextension.resultproxy.BaseRow.__init__
  File "lib\\sqlalchemy\\cyextension\\resultproxy.pyx", line 79, in sqlalchemy.cyextension.resultproxy._apply_processors
  File "C:\Users\delav\Downloads\dofimall-sniper\dofimall-sniper\backend\venv\Lib\site-packages\sqlalchemy\sql\sqltypes.py", line 1745, in process
    value = self._object_value_for_elem(value)
            ^^^^^^^^^^^^^^^^^^^^^^^^^^^^^^^^^^
  File "C:\Users\delav\Downloads\dofimall-sniper\dofimall-sniper\backend\venv\Lib\site-packages\sqlalchemy\sql\sqltypes.py", line 1627, in _object_value_for_elem
    raise LookupError(
LookupError: 'IN_STOCK' is not among the defined enum values. Enum name: productstatus. Possible values: MONITORING, PAUSED
INFO:     127.0.0.1:5729 - "GET /api/categories HTTP/1.1" 200 OK
INFO:     127.0.0.1:2935 - "GET /api/logs/?limit=30 HTTP/1.1" 200 OK
INFO:     127.0.0.1:2934 - "GET /api/products/ HTTP/1.1" 500 Internal Server Error
ERROR:    Exception in ASGI application
Traceback (most recent call last):
  File "C:\Users\delav\Downloads\dofimall-sniper\dofimall-sniper\backend\venv\Lib\site-packages\sqlalchemy\sql\sqltypes.py", line 1625, in _object_value_for_elem
    return self._object_lookup[elem]
           ~~~~~~~~~~~~~~~~~~~^^^^^^
KeyError: 'RESERVED'

The above exception was the direct cause of the following exception:

Traceback (most recent call last):
  File "C:\Users\delav\Downloads\dofimall-sniper\dofimall-sniper\backend\venv\Lib\site-packages\uvicorn\protocols\http\httptools_impl.py", line 409, in run_asgi
    result = await app(  # type: ignore[func-returns-value]
             ^^^^^^^^^^^^^^^^^^^^^^^^^^^^^^^^^^^^^^^^^^^^^^
  File "C:\Users\delav\Downloads\dofimall-sniper\dofimall-sniper\backend\venv\Lib\site-packages\uvicorn\middleware\proxy_headers.py", line 60, in __call__
    return await self.app(scope, receive, send)
           ^^^^^^^^^^^^^^^^^^^^^^^^^^^^^^^^^^^^
  File "C:\Users\delav\Downloads\dofimall-sniper\dofimall-sniper\backend\venv\Lib\site-packages\fastapi\applications.py", line 1054, in __call__
    await super().__call__(scope, receive, send)
  File "C:\Users\delav\Downloads\dofimall-sniper\dofimall-sniper\backend\venv\Lib\site-packages\starlette\applications.py", line 113, in __call__
    await self.middleware_stack(scope, receive, send)
  File "C:\Users\delav\Downloads\dofimall-sniper\dofimall-sniper\backend\venv\Lib\site-packages\starlette\middleware\errors.py", line 187, in __call__
    raise exc
  File "C:\Users\delav\Downloads\dofimall-sniper\dofimall-sniper\backend\venv\Lib\site-packages\starlette\middleware\errors.py", line 165, in __call__
    await self.app(scope, receive, _send)
  File "C:\Users\delav\Downloads\dofimall-sniper\dofimall-sniper\backend\venv\Lib\site-packages\starlette\middleware\cors.py", line 85, in __call__
    await self.app(scope, receive, send)
  File "C:\Users\delav\Downloads\dofimall-sniper\dofimall-sniper\backend\venv\Lib\site-packages\starlette\middleware\exceptions.py", line 62, in __call__
    await wrap_app_handling_exceptions(self.app, conn)(scope, receive, send)
  File "C:\Users\delav\Downloads\dofimall-sniper\dofimall-sniper\backend\venv\Lib\site-packages\starlette\_exception_handler.py", line 53, in wrapped_app
    raise exc
  File "C:\Users\delav\Downloads\dofimall-sniper\dofimall-sniper\backend\venv\Lib\site-packages\starlette\_exception_handler.py", line 42, in wrapped_app
    await app(scope, receive, sender)
  File "C:\Users\delav\Downloads\dofimall-sniper\dofimall-sniper\backend\venv\Lib\site-packages\starlette\routing.py", line 715, in __call__
    await self.middleware_stack(scope, receive, send)
  File "C:\Users\delav\Downloads\dofimall-sniper\dofimall-sniper\backend\venv\Lib\site-packages\starlette\routing.py", line 735, in app
    await route.handle(scope, receive, send)
  File "C:\Users\delav\Downloads\dofimall-sniper\dofimall-sniper\backend\venv\Lib\site-packages\starlette\routing.py", line 288, in handle
    await self.app(scope, receive, send)
  File "C:\Users\delav\Downloads\dofimall-sniper\dofimall-sniper\backend\venv\Lib\site-packages\starlette\routing.py", line 76, in app
    await wrap_app_handling_exceptions(app, request)(scope, receive, send)
  File "C:\Users\delav\Downloads\dofimall-sniper\dofimall-sniper\backend\venv\Lib\site-packages\starlette\_exception_handler.py", line 53, in wrapped_app
    raise exc
  File "C:\Users\delav\Downloads\dofimall-sniper\dofimall-sniper\backend\venv\Lib\site-packages\starlette\_exception_handler.py", line 42, in wrapped_app
    await app(scope, receive, sender)
  File "C:\Users\delav\Downloads\dofimall-sniper\dofimall-sniper\backend\venv\Lib\site-packages\starlette\routing.py", line 73, in app
    response = await f(request)
               ^^^^^^^^^^^^^^^^
  File "C:\Users\delav\Downloads\dofimall-sniper\dofimall-sniper\backend\venv\Lib\site-packages\fastapi\routing.py", line 301, in app
    raw_response = await run_endpoint_function(
                   ^^^^^^^^^^^^^^^^^^^^^^^^^^^^
  File "C:\Users\delav\Downloads\dofimall-sniper\dofimall-sniper\backend\venv\Lib\site-packages\fastapi\routing.py", line 212, in run_endpoint_function
    return await dependant.call(**values)
           ^^^^^^^^^^^^^^^^^^^^^^^^^^^^^^
  File "C:\Users\delav\Downloads\dofimall-sniper\dofimall-sniper\backend\app\api\products.py", line 31, in get_products
    result = await db.execute(query)
             ^^^^^^^^^^^^^^^^^^^^^^^
  File "C:\Users\delav\Downloads\dofimall-sniper\dofimall-sniper\backend\venv\Lib\site-packages\sqlalchemy\ext\asyncio\session.py", line 461, in execute
    result = await greenlet_spawn(
             ^^^^^^^^^^^^^^^^^^^^^
  File "C:\Users\delav\Downloads\dofimall-sniper\dofimall-sniper\backend\venv\Lib\site-packages\sqlalchemy\util\_concurrency_py3k.py", line 203, in greenlet_spawn
    result = context.switch(value)
             ^^^^^^^^^^^^^^^^^^^^^
  File "C:\Users\delav\Downloads\dofimall-sniper\dofimall-sniper\backend\venv\Lib\site-packages\sqlalchemy\orm\session.py", line 2362, in execute
    return self._execute_internal(
           ^^^^^^^^^^^^^^^^^^^^^^^
  File "C:\Users\delav\Downloads\dofimall-sniper\dofimall-sniper\backend\venv\Lib\site-packages\sqlalchemy\orm\session.py", line 2247, in _execute_internal
    result: Result[Any] = compile_state_cls.orm_execute_statement(
                          ^^^^^^^^^^^^^^^^^^^^^^^^^^^^^^^^^^^^^^^^
  File "C:\Users\delav\Downloads\dofimall-sniper\dofimall-sniper\backend\venv\Lib\site-packages\sqlalchemy\orm\context.py", line 308, in orm_execute_statement
    return cls.orm_setup_cursor_result(
           ^^^^^^^^^^^^^^^^^^^^^^^^^^^^
  File "C:\Users\delav\Downloads\dofimall-sniper\dofimall-sniper\backend\venv\Lib\site-packages\sqlalchemy\orm\context.py", line 600, in orm_setup_cursor_result
    return loading.instances(result, querycontext)
           ^^^^^^^^^^^^^^^^^^^^^^^^^^^^^^^^^^^^^^^
  File "C:\Users\delav\Downloads\dofimall-sniper\dofimall-sniper\backend\venv\Lib\site-packages\sqlalchemy\orm\loading.py", line 261, in instances
    _prebuffered = list(chunks(None))
                   ^^^^^^^^^^^^^^^^^^
  File "C:\Users\delav\Downloads\dofimall-sniper\dofimall-sniper\backend\venv\Lib\site-packages\sqlalchemy\orm\loading.py", line 219, in chunks
    fetch = cursor._raw_all_rows()
            ^^^^^^^^^^^^^^^^^^^^^^
  File "C:\Users\delav\Downloads\dofimall-sniper\dofimall-sniper\backend\venv\Lib\site-packages\sqlalchemy\engine\result.py", line 541, in _raw_all_rows
    return [make_row(row) for row in rows]
            ^^^^^^^^^^^^^
  File "lib\\sqlalchemy\\cyextension\\resultproxy.pyx", line 22, in sqlalchemy.cyextension.resultproxy.BaseRow.__init__
  File "lib\\sqlalchemy\\cyextension\\resultproxy.pyx", line 79, in sqlalchemy.cyextension.resultproxy._apply_processors
  File "C:\Users\delav\Downloads\dofimall-sniper\dofimall-sniper\backend\venv\Lib\site-packages\sqlalchemy\sql\sqltypes.py", line 1745, in process
    value = self._object_value_for_elem(value)
            ^^^^^^^^^^^^^^^^^^^^^^^^^^^^^^^^^^
  File "C:\Users\delav\Downloads\dofimall-sniper\dofimall-sniper\backend\venv\Lib\site-packages\sqlalchemy\sql\sqltypes.py", line 1627, in _object_value_for_elem
    raise LookupError(
LookupError: 'RESERVED' is not among the defined enum values. Enum name: productstatus. Possible values: MONITORING, PAUSED
2026-04-08 06:03:44.016 | INFO     | app.scraper.browser:start:28 - \U0001f310 Iniciando Playwright browser en modo persistente... Directorio: 
C:\Users\delav\Downloads\dofimall-sniper\dofimall-sniper\backend\browser_data
Task exception was never retrieved
future: <Task finished name='Task-117' coro=<Connection.run() done, defined at C:\Users\delav\Downloads\dofimall-sniper\dofimall-sniper\backend\venv\Lib\site-packages\playwright\_impl\_connection.py:272> 
exception=NotImplementedError()>
Traceback (most recent call last):
  File "C:\Users\delav\Downloads\dofimall-sniper\dofimall-sniper\backend\venv\Lib\site-packages\playwright\_impl\_connection.py", line 279, in run
    await self._transport.connect()
  File "C:\Users\delav\Downloads\dofimall-sniper\dofimall-sniper\backend\venv\Lib\site-packages\playwright\_impl\_transport.py", line 133, in connect
    raise exc
  File "C:\Users\delav\Downloads\dofimall-sniper\dofimall-sniper\backend\venv\Lib\site-packages\playwright\_impl\_transport.py", line 120, in connect
    self._proc = await asyncio.create_subprocess_exec(
                 ^^^^^^^^^^^^^^^^^^^^^^^^^^^^^^^^^^^^^
  File "C:\Users\delav\AppData\Local\Programs\Python\Python312\Lib\asyncio\subprocess.py", line 224, in create_subprocess_exec
    transport, protocol = await loop.subprocess_exec(
                          ^^^^^^^^^^^^^^^^^^^^^^^^^^^
  File "C:\Users\delav\AppData\Local\Programs\Python\Python312\Lib\asyncio\base_events.py", line 1756, in subprocess_exec
    transport = await self._make_subprocess_transport(
                ^^^^^^^^^^^^^^^^^^^^^^^^^^^^^^^^^^^^^^
  File "C:\Users\delav\AppData\Local\Programs\Python\Python312\Lib\asyncio\base_events.py", line 528, in _make_subprocess_transport
    raise NotImplementedError
NotImplementedError
INFO:     127.0.0.1:3890 - "POST /api/settings/force-login HTTP/1.1" 200 OK
Job "Job Synchronizer (trigger: interval[0:00:05], next run at: 2026-04-08 06:03:49 CEST)" raised an exception
Traceback (most recent call last):
  File "C:\Users\delav\Downloads\dofimall-sniper\dofimall-sniper\backend\venv\Lib\site-packages\sqlalchemy\sql\sqltypes.py", line 1625, in _object_value_for_elem
    return self._object_lookup[elem]
           ~~~~~~~~~~~~~~~~~~~^^^^^^
KeyError: 'IN_STOCK'

The above exception was the direct cause of the following exception:

Traceback (most recent call last):
  File "C:\Users\delav\Downloads\dofimall-sniper\dofimall-sniper\backend\venv\Lib\site-packages\apscheduler\executors\base_py3.py", line 30, in run_coroutine_job
    retval = await job.func(*job.args, **job.kwargs)
             ^^^^^^^^^^^^^^^^^^^^^^^^^^^^^^^^^^^^^^^
  File "C:\Users\delav\Downloads\dofimall-sniper\dofimall-sniper\backend\app\main.py", line 317, in job_synchronizer
    result = await db.execute(select(Product))
             ^^^^^^^^^^^^^^^^^^^^^^^^^^^^^^^^^
  File "C:\Users\delav\Downloads\dofimall-sniper\dofimall-sniper\backend\venv\Lib\site-packages\sqlalchemy\ext\asyncio\session.py", line 461, in execute
    result = await greenlet_spawn(
             ^^^^^^^^^^^^^^^^^^^^^
  File "C:\Users\delav\Downloads\dofimall-sniper\dofimall-sniper\backend\venv\Lib\site-packages\sqlalchemy\util\_concurrency_py3k.py", line 203, in greenlet_spawn
    result = context.switch(value)
             ^^^^^^^^^^^^^^^^^^^^^
  File "C:\Users\delav\Downloads\dofimall-sniper\dofimall-sniper\backend\venv\Lib\site-packages\sqlalchemy\orm\session.py", line 2362, in execute
    return self._execute_internal(
           ^^^^^^^^^^^^^^^^^^^^^^^
  File "C:\Users\delav\Downloads\dofimall-sniper\dofimall-sniper\backend\venv\Lib\site-packages\sqlalchemy\orm\session.py", line 2247, in _execute_internal
    result: Result[Any] = compile_state_cls.orm_execute_statement(
                          ^^^^^^^^^^^^^^^^^^^^^^^^^^^^^^^^^^^^^^^^
  File "C:\Users\delav\Downloads\dofimall-sniper\dofimall-sniper\backend\venv\Lib\site-packages\sqlalchemy\orm\context.py", line 308, in orm_execute_statement
    return cls.orm_setup_cursor_result(
           ^^^^^^^^^^^^^^^^^^^^^^^^^^^^
  File "C:\Users\delav\Downloads\dofimall-sniper\dofimall-sniper\backend\venv\Lib\site-packages\sqlalchemy\orm\context.py", line 600, in orm_setup_cursor_result
    return loading.instances(result, querycontext)
           ^^^^^^^^^^^^^^^^^^^^^^^^^^^^^^^^^^^^^^^
  File "C:\Users\delav\Downloads\dofimall-sniper\dofimall-sniper\backend\venv\Lib\site-packages\sqlalchemy\orm\loading.py", line 261, in instances
    _prebuffered = list(chunks(None))
                   ^^^^^^^^^^^^^^^^^^
  File "C:\Users\delav\Downloads\dofimall-sniper\dofimall-sniper\backend\venv\Lib\site-packages\sqlalchemy\orm\loading.py", line 219, in chunks
    fetch = cursor._raw_all_rows()
            ^^^^^^^^^^^^^^^^^^^^^^
  File "C:\Users\delav\Downloads\dofimall-sniper\dofimall-sniper\backend\venv\Lib\site-packages\sqlalchemy\engine\result.py", line 541, in _raw_all_rows
    return [make_row(row) for row in rows]
            ^^^^^^^^^^^^^
  File "lib\\sqlalchemy\\cyextension\\resultproxy.pyx", line 22, in sqlalchemy.cyextension.resultproxy.BaseRow.__init__
  File "lib\\sqlalchemy\\cyextension\\resultproxy.pyx", line 79, in sqlalchemy.cyextension.resultproxy._apply_processors
  File "C:\Users\delav\Downloads\dofimall-sniper\dofimall-sniper\backend\venv\Lib\site-packages\sqlalchemy\sql\sqltypes.py", line 1745, in process
    value = self._object_value_for_elem(value)
            ^^^^^^^^^^^^^^^^^^^^^^^^^^^^^^^^^^
  File "C:\Users\delav\Downloads\dofimall-sniper\dofimall-sniper\backend\venv\Lib\site-packages\sqlalchemy\sql\sqltypes.py", line 1627, in _object_value_for_elem
    raise LookupError(
LookupError: 'IN_STOCK' is not among the defined enum values. Enum name: productstatus. Possible values: MONITORING, PAUSED
INFO:     127.0.0.1:7642 - "GET /api/dashboard HTTP/1.1" 500 Internal Server Error
ERROR:    Exception in ASGI application
Traceback (most recent call last):
  File "C:\Users\delav\Downloads\dofimall-sniper\dofimall-sniper\backend\venv\Lib\site-packages\sqlalchemy\sql\sqltypes.py", line 1625, in _object_value_for_elem
    return self._object_lookup[elem]
           ~~~~~~~~~~~~~~~~~~~^^^^^^
KeyError: 'IN_STOCK'

The above exception was the direct cause of the following exception:

Traceback (most recent call last):
  File "C:\Users\delav\Downloads\dofimall-sniper\dofimall-sniper\backend\venv\Lib\site-packages\uvicorn\protocols\http\httptools_impl.py", line 409, in run_asgi
    result = await app(  # type: ignore[func-returns-value]
             ^^^^^^^^^^^^^^^^^^^^^^^^^^^^^^^^^^^^^^^^^^^^^^
  File "C:\Users\delav\Downloads\dofimall-sniper\dofimall-sniper\backend\venv\Lib\site-packages\uvicorn\middleware\proxy_headers.py", line 60, in __call__
    return await self.app(scope, receive, send)
           ^^^^^^^^^^^^^^^^^^^^^^^^^^^^^^^^^^^^
  File "C:\Users\delav\Downloads\dofimall-sniper\dofimall-sniper\backend\venv\Lib\site-packages\fastapi\applications.py", line 1054, in __call__
    await super().__call__(scope, receive, send)
  File "C:\Users\delav\Downloads\dofimall-sniper\dofimall-sniper\backend\venv\Lib\site-packages\starlette\applications.py", line 113, in __call__
    await self.middleware_stack(scope, receive, send)
  File "C:\Users\delav\Downloads\dofimall-sniper\dofimall-sniper\backend\venv\Lib\site-packages\starlette\middleware\errors.py", line 187, in __call__
    raise exc
  File "C:\Users\delav\Downloads\dofimall-sniper\dofimall-sniper\backend\venv\Lib\site-packages\starlette\middleware\errors.py", line 165, in __call__
    await self.app(scope, receive, _send)
  File "C:\Users\delav\Downloads\dofimall-sniper\dofimall-sniper\backend\venv\Lib\site-packages\starlette\middleware\cors.py", line 85, in __call__
    await self.app(scope, receive, send)
  File "C:\Users\delav\Downloads\dofimall-sniper\dofimall-sniper\backend\venv\Lib\site-packages\starlette\middleware\exceptions.py", line 62, in __call__
    await wrap_app_handling_exceptions(self.app, conn)(scope, receive, send)
  File "C:\Users\delav\Downloads\dofimall-sniper\dofimall-sniper\backend\venv\Lib\site-packages\starlette\_exception_handler.py", line 53, in wrapped_app
    raise exc
  File "C:\Users\delav\Downloads\dofimall-sniper\dofimall-sniper\backend\venv\Lib\site-packages\starlette\_exception_handler.py", line 42, in wrapped_app
    await app(scope, receive, sender)
  File "C:\Users\delav\Downloads\dofimall-sniper\dofimall-sniper\backend\venv\Lib\site-packages\starlette\routing.py", line 715, in __call__
    await self.middleware_stack(scope, receive, send)
  File "C:\Users\delav\Downloads\dofimall-sniper\dofimall-sniper\backend\venv\Lib\site-packages\starlette\routing.py", line 735, in app
    await route.handle(scope, receive, send)
  File "C:\Users\delav\Downloads\dofimall-sniper\dofimall-sniper\backend\venv\Lib\site-packages\starlette\routing.py", line 288, in handle
    await self.app(scope, receive, send)
  File "C:\Users\delav\Downloads\dofimall-sniper\dofimall-sniper\backend\venv\Lib\site-packages\starlette\routing.py", line 76, in app
    await wrap_app_handling_exceptions(app, request)(scope, receive, send)
  File "C:\Users\delav\Downloads\dofimall-sniper\dofimall-sniper\backend\venv\Lib\site-packages\starlette\_exception_handler.py", line 53, in wrapped_app
    raise exc
  File "C:\Users\delav\Downloads\dofimall-sniper\dofimall-sniper\backend\venv\Lib\site-packages\starlette\_exception_handler.py", line 42, in wrapped_app
    await app(scope, receive, sender)
  File "C:\Users\delav\Downloads\dofimall-sniper\dofimall-sniper\backend\venv\Lib\site-packages\starlette\routing.py", line 73, in app
    response = await f(request)
               ^^^^^^^^^^^^^^^^
  File "C:\Users\delav\Downloads\dofimall-sniper\dofimall-sniper\backend\venv\Lib\site-packages\fastapi\routing.py", line 301, in app
    raw_response = await run_endpoint_function(
                   ^^^^^^^^^^^^^^^^^^^^^^^^^^^^
  File "C:\Users\delav\Downloads\dofimall-sniper\dofimall-sniper\backend\venv\Lib\site-packages\fastapi\routing.py", line 212, in run_endpoint_function
    return await dependant.call(**values)
           ^^^^^^^^^^^^^^^^^^^^^^^^^^^^^^
  File "C:\Users\delav\Downloads\dofimall-sniper\dofimall-sniper\backend\app\main.py", line 552, in get_dashboard
    products = await db.execute(select(Product))
               ^^^^^^^^^^^^^^^^^^^^^^^^^^^^^^^^^
  File "C:\Users\delav\Downloads\dofimall-sniper\dofimall-sniper\backend\venv\Lib\site-packages\sqlalchemy\ext\asyncio\session.py", line 461, in execute
    result = await greenlet_spawn(
             ^^^^^^^^^^^^^^^^^^^^^
  File "C:\Users\delav\Downloads\dofimall-sniper\dofimall-sniper\backend\venv\Lib\site-packages\sqlalchemy\util\_concurrency_py3k.py", line 203, in greenlet_spawn
    result = context.switch(value)
             ^^^^^^^^^^^^^^^^^^^^^
  File "C:\Users\delav\Downloads\dofimall-sniper\dofimall-sniper\backend\venv\Lib\site-packages\sqlalchemy\orm\session.py", line 2362, in execute
    return self._execute_internal(
           ^^^^^^^^^^^^^^^^^^^^^^^
  File "C:\Users\delav\Downloads\dofimall-sniper\dofimall-sniper\backend\venv\Lib\site-packages\sqlalchemy\orm\session.py", line 2247, in _execute_internal
    result: Result[Any] = compile_state_cls.orm_execute_statement(
                          ^^^^^^^^^^^^^^^^^^^^^^^^^^^^^^^^^^^^^^^^
  File "C:\Users\delav\Downloads\dofimall-sniper\dofimall-sniper\backend\venv\Lib\site-packages\sqlalchemy\orm\context.py", line 308, in orm_execute_statement
    return cls.orm_setup_cursor_result(
           ^^^^^^^^^^^^^^^^^^^^^^^^^^^^
  File "C:\Users\delav\Downloads\dofimall-sniper\dofimall-sniper\backend\venv\Lib\site-packages\sqlalchemy\orm\context.py", line 600, in orm_setup_cursor_result
    return loading.instances(result, querycontext)
           ^^^^^^^^^^^^^^^^^^^^^^^^^^^^^^^^^^^^^^^
  File "C:\Users\delav\Downloads\dofimall-sniper\dofimall-sniper\backend\venv\Lib\site-packages\sqlalchemy\orm\loading.py", line 261, in instances
    _prebuffered = list(chunks(None))
                   ^^^^^^^^^^^^^^^^^^
  File "C:\Users\delav\Downloads\dofimall-sniper\dofimall-sniper\backend\venv\Lib\site-packages\sqlalchemy\orm\loading.py", line 219, in chunks
    fetch = cursor._raw_all_rows()
            ^^^^^^^^^^^^^^^^^^^^^^
  File "C:\Users\delav\Downloads\dofimall-sniper\dofimall-sniper\backend\venv\Lib\site-packages\sqlalchemy\engine\result.py", line 541, in _raw_all_rows
    return [make_row(row) for row in rows]
            ^^^^^^^^^^^^^
  File "lib\\sqlalchemy\\cyextension\\resultproxy.pyx", line 22, in sqlalchemy.cyextension.resultproxy.BaseRow.__init__
  File "lib\\sqlalchemy\\cyextension\\resultproxy.pyx", line 79, in sqlalchemy.cyextension.resultproxy._apply_processors
  File "C:\Users\delav\Downloads\dofimall-sniper\dofimall-sniper\backend\venv\Lib\site-packages\sqlalchemy\sql\sqltypes.py", line 1745, in process
    value = self._object_value_for_elem(value)
            ^^^^^^^^^^^^^^^^^^^^^^^^^^^^^^^^^^
  File "C:\Users\delav\Downloads\dofimall-sniper\dofimall-sniper\backend\venv\Lib\site-packages\sqlalchemy\sql\sqltypes.py", line 1627, in _object_value_for_elem
    raise LookupError(
LookupError: 'IN_STOCK' is not among the defined enum values. Enum name: productstatus. Possible values: MONITORING, PAUSED
INFO:     127.0.0.1:5421 - "GET /api/products/ HTTP/1.1" 500 Internal Server Error
ERROR:    Exception in ASGI application
Traceback (most recent call last):
  File "C:\Users\delav\Downloads\dofimall-sniper\dofimall-sniper\backend\venv\Lib\site-packages\sqlalchemy\sql\sqltypes.py", line 1625, in _object_value_for_elem
    return self._object_lookup[elem]
           ~~~~~~~~~~~~~~~~~~~^^^^^^
KeyError: 'RESERVED'

The above exception was the direct cause of the following exception:

Traceback (most recent call last):
  File "C:\Users\delav\Downloads\dofimall-sniper\dofimall-sniper\backend\venv\Lib\site-packages\uvicorn\protocols\http\httptools_impl.py", line 409, in run_asgi
    result = await app(  # type: ignore[func-returns-value]
             ^^^^^^^^^^^^^^^^^^^^^^^^^^^^^^^^^^^^^^^^^^^^^^
  File "C:\Users\delav\Downloads\dofimall-sniper\dofimall-sniper\backend\venv\Lib\site-packages\uvicorn\middleware\proxy_headers.py", line 60, in __call__
    return await self.app(scope, receive, send)
           ^^^^^^^^^^^^^^^^^^^^^^^^^^^^^^^^^^^^
  File "C:\Users\delav\Downloads\dofimall-sniper\dofimall-sniper\backend\venv\Lib\site-packages\fastapi\applications.py", line 1054, in __call__
    await super().__call__(scope, receive, send)
  File "C:\Users\delav\Downloads\dofimall-sniper\dofimall-sniper\backend\venv\Lib\site-packages\starlette\applications.py", line 113, in __call__
    await self.middleware_stack(scope, receive, send)
  File "C:\Users\delav\Downloads\dofimall-sniper\dofimall-sniper\backend\venv\Lib\site-packages\starlette\middleware\errors.py", line 187, in __call__
    raise exc
  File "C:\Users\delav\Downloads\dofimall-sniper\dofimall-sniper\backend\venv\Lib\site-packages\starlette\middleware\errors.py", line 165, in __call__
    await self.app(scope, receive, _send)
  File "C:\Users\delav\Downloads\dofimall-sniper\dofimall-sniper\backend\venv\Lib\site-packages\starlette\middleware\cors.py", line 85, in __call__
    await self.app(scope, receive, send)
  File "C:\Users\delav\Downloads\dofimall-sniper\dofimall-sniper\backend\venv\Lib\site-packages\starlette\middleware\exceptions.py", line 62, in __call__
    await wrap_app_handling_exceptions(self.app, conn)(scope, receive, send)
  File "C:\Users\delav\Downloads\dofimall-sniper\dofimall-sniper\backend\venv\Lib\site-packages\starlette\_exception_handler.py", line 53, in wrapped_app
    raise exc
  File "C:\Users\delav\Downloads\dofimall-sniper\dofimall-sniper\backend\venv\Lib\site-packages\starlette\_exception_handler.py", line 42, in wrapped_app
    await app(scope, receive, sender)
  File "C:\Users\delav\Downloads\dofimall-sniper\dofimall-sniper\backend\venv\Lib\site-packages\starlette\routing.py", line 715, in __call__
    await self.middleware_stack(scope, receive, send)
  File "C:\Users\delav\Downloads\dofimall-sniper\dofimall-sniper\backend\venv\Lib\site-packages\starlette\routing.py", line 735, in app
    await route.handle(scope, receive, send)
  File "C:\Users\delav\Downloads\dofimall-sniper\dofimall-sniper\backend\venv\Lib\site-packages\starlette\routing.py", line 288, in handle
    await self.app(scope, receive, send)
  File "C:\Users\delav\Downloads\dofimall-sniper\dofimall-sniper\backend\venv\Lib\site-packages\starlette\routing.py", line 76, in app
    await wrap_app_handling_exceptions(app, request)(scope, receive, send)
  File "C:\Users\delav\Downloads\dofimall-sniper\dofimall-sniper\backend\venv\Lib\site-packages\starlette\_exception_handler.py", line 53, in wrapped_app
    raise exc
  File "C:\Users\delav\Downloads\dofimall-sniper\dofimall-sniper\backend\venv\Lib\site-packages\starlette\_exception_handler.py", line 42, in wrapped_app
    await app(scope, receive, sender)
  File "C:\Users\delav\Downloads\dofimall-sniper\dofimall-sniper\backend\venv\Lib\site-packages\starlette\routing.py", line 73, in app
    response = await f(request)
               ^^^^^^^^^^^^^^^^
  File "C:\Users\delav\Downloads\dofimall-sniper\dofimall-sniper\backend\venv\Lib\site-packages\fastapi\routing.py", line 301, in app
    raw_response = await run_endpoint_function(
                   ^^^^^^^^^^^^^^^^^^^^^^^^^^^^
  File "C:\Users\delav\Downloads\dofimall-sniper\dofimall-sniper\backend\venv\Lib\site-packages\fastapi\routing.py", line 212, in run_endpoint_function
    return await dependant.call(**values)
           ^^^^^^^^^^^^^^^^^^^^^^^^^^^^^^
  File "C:\Users\delav\Downloads\dofimall-sniper\dofimall-sniper\backend\app\api\products.py", line 31, in get_products
    result = await db.execute(query)
             ^^^^^^^^^^^^^^^^^^^^^^^
  File "C:\Users\delav\Downloads\dofimall-sniper\dofimall-sniper\backend\venv\Lib\site-packages\sqlalchemy\ext\asyncio\session.py", line 461, in execute
    result = await greenlet_spawn(
             ^^^^^^^^^^^^^^^^^^^^^
  File "C:\Users\delav\Downloads\dofimall-sniper\dofimall-sniper\backend\venv\Lib\site-packages\sqlalchemy\util\_concurrency_py3k.py", line 203, in greenlet_spawn
    result = context.switch(value)
             ^^^^^^^^^^^^^^^^^^^^^
  File "C:\Users\delav\Downloads\dofimall-sniper\dofimall-sniper\backend\venv\Lib\site-packages\sqlalchemy\orm\session.py", line 2362, in execute
    return self._execute_internal(
           ^^^^^^^^^^^^^^^^^^^^^^^
  File "C:\Users\delav\Downloads\dofimall-sniper\dofimall-sniper\backend\venv\Lib\site-packages\sqlalchemy\orm\session.py", line 2247, in _execute_internal
    result: Result[Any] = compile_state_cls.orm_execute_statement(
                          ^^^^^^^^^^^^^^^^^^^^^^^^^^^^^^^^^^^^^^^^
  File "C:\Users\delav\Downloads\dofimall-sniper\dofimall-sniper\backend\venv\Lib\site-packages\sqlalchemy\orm\context.py", line 308, in orm_execute_statement
    return cls.orm_setup_cursor_result(
           ^^^^^^^^^^^^^^^^^^^^^^^^^^^^
  File "C:\Users\delav\Downloads\dofimall-sniper\dofimall-sniper\backend\venv\Lib\site-packages\sqlalchemy\orm\context.py", line 600, in orm_setup_cursor_result
    return loading.instances(result, querycontext)
           ^^^^^^^^^^^^^^^^^^^^^^^^^^^^^^^^^^^^^^^
  File "C:\Users\delav\Downloads\dofimall-sniper\dofimall-sniper\backend\venv\Lib\site-packages\sqlalchemy\orm\loading.py", line 261, in instances
    _prebuffered = list(chunks(None))
                   ^^^^^^^^^^^^^^^^^^
  File "C:\Users\delav\Downloads\dofimall-sniper\dofimall-sniper\backend\venv\Lib\site-packages\sqlalchemy\orm\loading.py", line 219, in chunks
    fetch = cursor._raw_all_rows()
            ^^^^^^^^^^^^^^^^^^^^^^
  File "C:\Users\delav\Downloads\dofimall-sniper\dofimall-sniper\backend\venv\Lib\site-packages\sqlalchemy\engine\result.py", line 541, in _raw_all_rows
    return [make_row(row) for row in rows]
            ^^^^^^^^^^^^^
  File "lib\\sqlalchemy\\cyextension\\resultproxy.pyx", line 22, in sqlalchemy.cyextension.resultproxy.BaseRow.__init__
  File "lib\\sqlalchemy\\cyextension\\resultproxy.pyx", line 79, in sqlalchemy.cyextension.resultproxy._apply_processors
  File "C:\Users\delav\Downloads\dofimall-sniper\dofimall-sniper\backend\venv\Lib\site-packages\sqlalchemy\sql\sqltypes.py", line 1745, in process
    value = self._object_value_for_elem(value)
            ^^^^^^^^^^^^^^^^^^^^^^^^^^^^^^^^^^
  File "C:\Users\delav\Downloads\dofimall-sniper\dofimall-sniper\backend\venv\Lib\site-packages\sqlalchemy\sql\sqltypes.py", line 1627, in _object_value_for_elem
    raise LookupError(
LookupError: 'RESERVED' is not among the defined enum values. Enum name: productstatus. Possible values: MONITORING, PAUSED
INFO:     127.0.0.1:9280 - "GET /api/logs/?limit=30 HTTP/1.1" 200 OK
INFO:     127.0.0.1:4223 - "GET /api/categories HTTP/1.1" 200 OK
INFO:     127.0.0.1:14555 - "GET /api/settings/session-status-fast HTTP/1.1" 200 OK
Job "Job Synchronizer (trigger: interval[0:00:05], next run at: 2026-04-08 06:03:54 CEST)" raised an exception
Traceback (most recent call last):
  File "C:\Users\delav\Downloads\dofimall-sniper\dofimall-sniper\backend\venv\Lib\site-packages\sqlalchemy\sql\sqltypes.py", line 1625, in _object_value_for_elem
    return self._object_lookup[elem]
           ~~~~~~~~~~~~~~~~~~~^^^^^^
KeyError: 'IN_STOCK'

The above exception was the direct cause of the following exception:

Traceback (most recent call last):
  File "C:\Users\delav\Downloads\dofimall-sniper\dofimall-sniper\backend\venv\Lib\site-packages\apscheduler\executors\base_py3.py", line 30, in run_coroutine_job
    retval = await job.func(*job.args, **job.kwargs)
             ^^^^^^^^^^^^^^^^^^^^^^^^^^^^^^^^^^^^^^^
  File "C:\Users\delav\Downloads\dofimall-sniper\dofimall-sniper\backend\app\main.py", line 317, in job_synchronizer
    result = await db.execute(select(Product))
             ^^^^^^^^^^^^^^^^^^^^^^^^^^^^^^^^^
  File "C:\Users\delav\Downloads\dofimall-sniper\dofimall-sniper\backend\venv\Lib\site-packages\sqlalchemy\ext\asyncio\session.py", line 461, in execute
    result = await greenlet_spawn(
             ^^^^^^^^^^^^^^^^^^^^^
  File "C:\Users\delav\Downloads\dofimall-sniper\dofimall-sniper\backend\venv\Lib\site-packages\sqlalchemy\util\_concurrency_py3k.py", line 203, in greenlet_spawn
    result = context.switch(value)
             ^^^^^^^^^^^^^^^^^^^^^
  File "C:\Users\delav\Downloads\dofimall-sniper\dofimall-sniper\backend\venv\Lib\site-packages\sqlalchemy\orm\session.py", line 2362, in execute
    return self._execute_internal(
           ^^^^^^^^^^^^^^^^^^^^^^^
  File "C:\Users\delav\Downloads\dofimall-sniper\dofimall-sniper\backend\venv\Lib\site-packages\sqlalchemy\orm\session.py", line 2247, in _execute_internal
    result: Result[Any] = compile_state_cls.orm_execute_statement(
                          ^^^^^^^^^^^^^^^^^^^^^^^^^^^^^^^^^^^^^^^^
  File "C:\Users\delav\Downloads\dofimall-sniper\dofimall-sniper\backend\venv\Lib\site-packages\sqlalchemy\orm\context.py", line 308, in orm_execute_statement
    return cls.orm_setup_cursor_result(
           ^^^^^^^^^^^^^^^^^^^^^^^^^^^^
  File "C:\Users\delav\Downloads\dofimall-sniper\dofimall-sniper\backend\venv\Lib\site-packages\sqlalchemy\orm\context.py", line 600, in orm_setup_cursor_result
    return loading.instances(result, querycontext)
           ^^^^^^^^^^^^^^^^^^^^^^^^^^^^^^^^^^^^^^^
  File "C:\Users\delav\Downloads\dofimall-sniper\dofimall-sniper\backend\venv\Lib\site-packages\sqlalchemy\orm\loading.py", line 261, in instances
    _prebuffered = list(chunks(None))
                   ^^^^^^^^^^^^^^^^^^
  File "C:\Users\delav\Downloads\dofimall-sniper\dofimall-sniper\backend\venv\Lib\site-packages\sqlalchemy\orm\loading.py", line 219, in chunks
    fetch = cursor._raw_all_rows()
            ^^^^^^^^^^^^^^^^^^^^^^
  File "C:\Users\delav\Downloads\dofimall-sniper\dofimall-sniper\backend\venv\Lib\site-packages\sqlalchemy\engine\result.py", line 541, in _raw_all_rows
    return [make_row(row) for row in rows]
            ^^^^^^^^^^^^^
  File "lib\\sqlalchemy\\cyextension\\resultproxy.pyx", line 22, in sqlalchemy.cyextension.resultproxy.BaseRow.__init__
  File "lib\\sqlalchemy\\cyextension\\resultproxy.pyx", line 79, in sqlalchemy.cyextension.resultproxy._apply_processors
  File "C:\Users\delav\Downloads\dofimall-sniper\dofimall-sniper\backend\venv\Lib\site-packages\sqlalchemy\sql\sqltypes.py", line 1745, in process
    value = self._object_value_for_elem(value)
            ^^^^^^^^^^^^^^^^^^^^^^^^^^^^^^^^^^
  File "C:\Users\delav\Downloads\dofimall-sniper\dofimall-sniper\backend\venv\Lib\site-packages\sqlalchemy\sql\sqltypes.py", line 1627, in _object_value_for_elem
    raise LookupError(
LookupError: 'IN_STOCK' is not among the defined enum values. Enum name: productstatus. Possible values: MONITORING, PAUSED
INFO:     127.0.0.1:9888 - "GET /api/dashboard HTTP/1.1" 500 Internal Server Error
ERROR:    Exception in ASGI application
Traceback (most recent call last):
  File "C:\Users\delav\Downloads\dofimall-sniper\dofimall-sniper\backend\venv\Lib\site-packages\sqlalchemy\sql\sqltypes.py", line 1625, in _object_value_for_elem
    return self._object_lookup[elem]
           ~~~~~~~~~~~~~~~~~~~^^^^^^
KeyError: 'IN_STOCK'

The above exception was the direct cause of the following exception:

Traceback (most recent call last):
  File "C:\Users\delav\Downloads\dofimall-sniper\dofimall-sniper\backend\venv\Lib\site-packages\uvicorn\protocols\http\httptools_impl.py", line 409, in run_asgi
    result = await app(  # type: ignore[func-returns-value]
             ^^^^^^^^^^^^^^^^^^^^^^^^^^^^^^^^^^^^^^^^^^^^^^
  File "C:\Users\delav\Downloads\dofimall-sniper\dofimall-sniper\backend\venv\Lib\site-packages\uvicorn\middleware\proxy_headers.py", line 60, in __call__
    return await self.app(scope, receive, send)
           ^^^^^^^^^^^^^^^^^^^^^^^^^^^^^^^^^^^^
  File "C:\Users\delav\Downloads\dofimall-sniper\dofimall-sniper\backend\venv\Lib\site-packages\fastapi\applications.py", line 1054, in __call__
    await super().__call__(scope, receive, send)
  File "C:\Users\delav\Downloads\dofimall-sniper\dofimall-sniper\backend\venv\Lib\site-packages\starlette\applications.py", line 113, in __call__
    await self.middleware_stack(scope, receive, send)
  File "C:\Users\delav\Downloads\dofimall-sniper\dofimall-sniper\backend\venv\Lib\site-packages\starlette\middleware\errors.py", line 187, in __call__
    raise exc
  File "C:\Users\delav\Downloads\dofimall-sniper\dofimall-sniper\backend\venv\Lib\site-packages\starlette\middleware\errors.py", line 165, in __call__
    await self.app(scope, receive, _send)
  File "C:\Users\delav\Downloads\dofimall-sniper\dofimall-sniper\backend\venv\Lib\site-packages\starlette\middleware\cors.py", line 85, in __call__
    await self.app(scope, receive, send)
  File "C:\Users\delav\Downloads\dofimall-sniper\dofimall-sniper\backend\venv\Lib\site-packages\starlette\middleware\exceptions.py", line 62, in __call__
    await wrap_app_handling_exceptions(self.app, conn)(scope, receive, send)
  File "C:\Users\delav\Downloads\dofimall-sniper\dofimall-sniper\backend\venv\Lib\site-packages\starlette\_exception_handler.py", line 53, in wrapped_app
    raise exc
  File "C:\Users\delav\Downloads\dofimall-sniper\dofimall-sniper\backend\venv\Lib\site-packages\starlette\_exception_handler.py", line 42, in wrapped_app
    await app(scope, receive, sender)
  File "C:\Users\delav\Downloads\dofimall-sniper\dofimall-sniper\backend\venv\Lib\site-packages\starlette\routing.py", line 715, in __call__
    await self.middleware_stack(scope, receive, send)
  File "C:\Users\delav\Downloads\dofimall-sniper\dofimall-sniper\backend\venv\Lib\site-packages\starlette\routing.py", line 735, in app
    await route.handle(scope, receive, send)
  File "C:\Users\delav\Downloads\dofimall-sniper\dofimall-sniper\backend\venv\Lib\site-packages\starlette\routing.py", line 288, in handle
    await self.app(scope, receive, send)
  File "C:\Users\delav\Downloads\dofimall-sniper\dofimall-sniper\backend\venv\Lib\site-packages\starlette\routing.py", line 76, in app
    await wrap_app_handling_exceptions(app, request)(scope, receive, send)
  File "C:\Users\delav\Downloads\dofimall-sniper\dofimall-sniper\backend\venv\Lib\site-packages\starlette\_exception_handler.py", line 53, in wrapped_app
    raise exc
  File "C:\Users\delav\Downloads\dofimall-sniper\dofimall-sniper\backend\venv\Lib\site-packages\starlette\_exception_handler.py", line 42, in wrapped_app
    await app(scope, receive, sender)
  File "C:\Users\delav\Downloads\dofimall-sniper\dofimall-sniper\backend\venv\Lib\site-packages\starlette\routing.py", line 73, in app
    response = await f(request)
               ^^^^^^^^^^^^^^^^
  File "C:\Users\delav\Downloads\dofimall-sniper\dofimall-sniper\backend\venv\Lib\site-packages\fastapi\routing.py", line 301, in app
    raw_response = await run_endpoint_function(
                   ^^^^^^^^^^^^^^^^^^^^^^^^^^^^
  File "C:\Users\delav\Downloads\dofimall-sniper\dofimall-sniper\backend\venv\Lib\site-packages\fastapi\routing.py", line 212, in run_endpoint_function
    return await dependant.call(**values)
           ^^^^^^^^^^^^^^^^^^^^^^^^^^^^^^
  File "C:\Users\delav\Downloads\dofimall-sniper\dofimall-sniper\backend\app\main.py", line 552, in get_dashboard
    products = await db.execute(select(Product))
               ^^^^^^^^^^^^^^^^^^^^^^^^^^^^^^^^^
  File "C:\Users\delav\Downloads\dofimall-sniper\dofimall-sniper\backend\venv\Lib\site-packages\sqlalchemy\ext\asyncio\session.py", line 461, in execute
    result = await greenlet_spawn(
             ^^^^^^^^^^^^^^^^^^^^^
  File "C:\Users\delav\Downloads\dofimall-sniper\dofimall-sniper\backend\venv\Lib\site-packages\sqlalchemy\util\_concurrency_py3k.py", line 203, in greenlet_spawn
    result = context.switch(value)
             ^^^^^^^^^^^^^^^^^^^^^
  File "C:\Users\delav\Downloads\dofimall-sniper\dofimall-sniper\backend\venv\Lib\site-packages\sqlalchemy\orm\session.py", line 2362, in execute
    return self._execute_internal(
           ^^^^^^^^^^^^^^^^^^^^^^^
  File "C:\Users\delav\Downloads\dofimall-sniper\dofimall-sniper\backend\venv\Lib\site-packages\sqlalchemy\orm\session.py", line 2247, in _execute_internal
    result: Result[Any] = compile_state_cls.orm_execute_statement(
                          ^^^^^^^^^^^^^^^^^^^^^^^^^^^^^^^^^^^^^^^^
  File "C:\Users\delav\Downloads\dofimall-sniper\dofimall-sniper\backend\venv\Lib\site-packages\sqlalchemy\orm\context.py", line 308, in orm_execute_statement
    return cls.orm_setup_cursor_result(
           ^^^^^^^^^^^^^^^^^^^^^^^^^^^^
  File "C:\Users\delav\Downloads\dofimall-sniper\dofimall-sniper\backend\venv\Lib\site-packages\sqlalchemy\orm\context.py", line 600, in orm_setup_cursor_result
    return loading.instances(result, querycontext)
           ^^^^^^^^^^^^^^^^^^^^^^^^^^^^^^^^^^^^^^^
  File "C:\Users\delav\Downloads\dofimall-sniper\dofimall-sniper\backend\venv\Lib\site-packages\sqlalchemy\orm\loading.py", line 261, in instances
    _prebuffered = list(chunks(None))
                   ^^^^^^^^^^^^^^^^^^
  File "C:\Users\delav\Downloads\dofimall-sniper\dofimall-sniper\backend\venv\Lib\site-packages\sqlalchemy\orm\loading.py", line 219, in chunks
    fetch = cursor._raw_all_rows()
            ^^^^^^^^^^^^^^^^^^^^^^
  File "C:\Users\delav\Downloads\dofimall-sniper\dofimall-sniper\backend\venv\Lib\site-packages\sqlalchemy\engine\result.py", line 541, in _raw_all_rows
    return [make_row(row) for row in rows]
            ^^^^^^^^^^^^^
  File "lib\\sqlalchemy\\cyextension\\resultproxy.pyx", line 22, in sqlalchemy.cyextension.resultproxy.BaseRow.__init__
  File "lib\\sqlalchemy\\cyextension\\resultproxy.pyx", line 79, in sqlalchemy.cyextension.resultproxy._apply_processors
  File "C:\Users\delav\Downloads\dofimall-sniper\dofimall-sniper\backend\venv\Lib\site-packages\sqlalchemy\sql\sqltypes.py", line 1745, in process
    value = self._object_value_for_elem(value)
            ^^^^^^^^^^^^^^^^^^^^^^^^^^^^^^^^^^
  File "C:\Users\delav\Downloads\dofimall-sniper\dofimall-sniper\backend\venv\Lib\site-packages\sqlalchemy\sql\sqltypes.py", line 1627, in _object_value_for_elem
    raise LookupError(
LookupError: 'IN_STOCK' is not among the defined enum values. Enum name: productstatus. Possible values: MONITORING, PAUSED
INFO:     127.0.0.1:13041 - "GET /api/products/ HTTP/1.1" 500 Internal Server Error
ERROR:    Exception in ASGI application
Traceback (most recent call last):
  File "C:\Users\delav\Downloads\dofimall-sniper\dofimall-sniper\backend\venv\Lib\site-packages\sqlalchemy\sql\sqltypes.py", line 1625, in _object_value_for_elem
    return self._object_lookup[elem]
           ~~~~~~~~~~~~~~~~~~~^^^^^^
KeyError: 'RESERVED'

The above exception was the direct cause of the following exception:

Traceback (most recent call last):
  File "C:\Users\delav\Downloads\dofimall-sniper\dofimall-sniper\backend\venv\Lib\site-packages\uvicorn\protocols\http\httptools_impl.py", line 409, in run_asgi
    result = await app(  # type: ignore[func-returns-value]
             ^^^^^^^^^^^^^^^^^^^^^^^^^^^^^^^^^^^^^^^^^^^^^^
  File "C:\Users\delav\Downloads\dofimall-sniper\dofimall-sniper\backend\venv\Lib\site-packages\uvicorn\middleware\proxy_headers.py", line 60, in __call__
    return await self.app(scope, receive, send)
           ^^^^^^^^^^^^^^^^^^^^^^^^^^^^^^^^^^^^
  File "C:\Users\delav\Downloads\dofimall-sniper\dofimall-sniper\backend\venv\Lib\site-packages\fastapi\applications.py", line 1054, in __call__
    await super().__call__(scope, receive, send)
  File "C:\Users\delav\Downloads\dofimall-sniper\dofimall-sniper\backend\venv\Lib\site-packages\starlette\applications.py", line 113, in __call__
    await self.middleware_stack(scope, receive, send)
  File "C:\Users\delav\Downloads\dofimall-sniper\dofimall-sniper\backend\venv\Lib\site-packages\starlette\middleware\errors.py", line 187, in __call__
    raise exc
  File "C:\Users\delav\Downloads\dofimall-sniper\dofimall-sniper\backend\venv\Lib\site-packages\starlette\middleware\errors.py", line 165, in __call__
    await self.app(scope, receive, _send)
  File "C:\Users\delav\Downloads\dofimall-sniper\dofimall-sniper\backend\venv\Lib\site-packages\starlette\middleware\cors.py", line 85, in __call__
    await self.app(scope, receive, send)
  File "C:\Users\delav\Downloads\dofimall-sniper\dofimall-sniper\backend\venv\Lib\site-packages\starlette\middleware\exceptions.py", line 62, in __call__
    await wrap_app_handling_exceptions(self.app, conn)(scope, receive, send)
  File "C:\Users\delav\Downloads\dofimall-sniper\dofimall-sniper\backend\venv\Lib\site-packages\starlette\_exception_handler.py", line 53, in wrapped_app
    raise exc
  File "C:\Users\delav\Downloads\dofimall-sniper\dofimall-sniper\backend\venv\Lib\site-packages\starlette\_exception_handler.py", line 42, in wrapped_app
    await app(scope, receive, sender)
  File "C:\Users\delav\Downloads\dofimall-sniper\dofimall-sniper\backend\venv\Lib\site-packages\starlette\routing.py", line 715, in __call__
    await self.middleware_stack(scope, receive, send)
  File "C:\Users\delav\Downloads\dofimall-sniper\dofimall-sniper\backend\venv\Lib\site-packages\starlette\routing.py", line 735, in app
    await route.handle(scope, receive, send)
  File "C:\Users\delav\Downloads\dofimall-sniper\dofimall-sniper\backend\venv\Lib\site-packages\starlette\routing.py", line 288, in handle
    await self.app(scope, receive, send)
  File "C:\Users\delav\Downloads\dofimall-sniper\dofimall-sniper\backend\venv\Lib\site-packages\starlette\routing.py", line 76, in app
    await wrap_app_handling_exceptions(app, request)(scope, receive, send)
  File "C:\Users\delav\Downloads\dofimall-sniper\dofimall-sniper\backend\venv\Lib\site-packages\starlette\_exception_handler.py", line 53, in wrapped_app
    raise exc
  File "C:\Users\delav\Downloads\dofimall-sniper\dofimall-sniper\backend\venv\Lib\site-packages\starlette\_exception_handler.py", line 42, in wrapped_app
    await app(scope, receive, sender)
  File "C:\Users\delav\Downloads\dofimall-sniper\dofimall-sniper\backend\venv\Lib\site-packages\starlette\routing.py", line 73, in app
    response = await f(request)
               ^^^^^^^^^^^^^^^^
  File "C:\Users\delav\Downloads\dofimall-sniper\dofimall-sniper\backend\venv\Lib\site-packages\fastapi\routing.py", line 301, in app
    raw_response = await run_endpoint_function(
                   ^^^^^^^^^^^^^^^^^^^^^^^^^^^^
  File "C:\Users\delav\Downloads\dofimall-sniper\dofimall-sniper\backend\venv\Lib\site-packages\fastapi\routing.py", line 212, in run_endpoint_function
    return await dependant.call(**values)
           ^^^^^^^^^^^^^^^^^^^^^^^^^^^^^^
  File "C:\Users\delav\Downloads\dofimall-sniper\dofimall-sniper\backend\app\api\products.py", line 31, in get_products
    result = await db.execute(query)
             ^^^^^^^^^^^^^^^^^^^^^^^
  File "C:\Users\delav\Downloads\dofimall-sniper\dofimall-sniper\backend\venv\Lib\site-packages\sqlalchemy\ext\asyncio\session.py", line 461, in execute
    result = await greenlet_spawn(
             ^^^^^^^^^^^^^^^^^^^^^
  File "C:\Users\delav\Downloads\dofimall-sniper\dofimall-sniper\backend\venv\Lib\site-packages\sqlalchemy\util\_concurrency_py3k.py", line 203, in greenlet_spawn
    result = context.switch(value)
             ^^^^^^^^^^^^^^^^^^^^^
  File "C:\Users\delav\Downloads\dofimall-sniper\dofimall-sniper\backend\venv\Lib\site-packages\sqlalchemy\orm\session.py", line 2362, in execute
    return self._execute_internal(
           ^^^^^^^^^^^^^^^^^^^^^^^
  File "C:\Users\delav\Downloads\dofimall-sniper\dofimall-sniper\backend\venv\Lib\site-packages\sqlalchemy\orm\session.py", line 2247, in _execute_internal
    result: Result[Any] = compile_state_cls.orm_execute_statement(
                          ^^^^^^^^^^^^^^^^^^^^^^^^^^^^^^^^^^^^^^^^
  File "C:\Users\delav\Downloads\dofimall-sniper\dofimall-sniper\backend\venv\Lib\site-packages\sqlalchemy\orm\context.py", line 308, in orm_execute_statement
    return cls.orm_setup_cursor_result(
           ^^^^^^^^^^^^^^^^^^^^^^^^^^^^
  File "C:\Users\delav\Downloads\dofimall-sniper\dofimall-sniper\backend\venv\Lib\site-packages\sqlalchemy\orm\context.py", line 600, in orm_setup_cursor_result
    return loading.instances(result, querycontext)
           ^^^^^^^^^^^^^^^^^^^^^^^^^^^^^^^^^^^^^^^
  File "C:\Users\delav\Downloads\dofimall-sniper\dofimall-sniper\backend\venv\Lib\site-packages\sqlalchemy\orm\loading.py", line 261, in instances
    _prebuffered = list(chunks(None))
                   ^^^^^^^^^^^^^^^^^^
  File "C:\Users\delav\Downloads\dofimall-sniper\dofimall-sniper\backend\venv\Lib\site-packages\sqlalchemy\orm\loading.py", line 219, in chunks
    fetch = cursor._raw_all_rows()
            ^^^^^^^^^^^^^^^^^^^^^^
  File "C:\Users\delav\Downloads\dofimall-sniper\dofimall-sniper\backend\venv\Lib\site-packages\sqlalchemy\engine\result.py", line 541, in _raw_all_rows
    return [make_row(row) for row in rows]
            ^^^^^^^^^^^^^
  File "lib\\sqlalchemy\\cyextension\\resultproxy.pyx", line 22, in sqlalchemy.cyextension.resultproxy.BaseRow.__init__
  File "lib\\sqlalchemy\\cyextension\\resultproxy.pyx", line 79, in sqlalchemy.cyextension.resultproxy._apply_processors
  File "C:\Users\delav\Downloads\dofimall-sniper\dofimall-sniper\backend\venv\Lib\site-packages\sqlalchemy\sql\sqltypes.py", line 1745, in process
    value = self._object_value_for_elem(value)
            ^^^^^^^^^^^^^^^^^^^^^^^^^^^^^^^^^^
  File "C:\Users\delav\Downloads\dofimall-sniper\dofimall-sniper\backend\venv\Lib\site-packages\sqlalchemy\sql\sqltypes.py", line 1627, in _object_value_for_elem
    raise LookupError(
LookupError: 'RESERVED' is not among the defined enum values. Enum name: productstatus. Possible values: MONITORING, PAUSED
INFO:     127.0.0.1:2578 - "GET /api/logs/?limit=30 HTTP/1.1" 200 OK
INFO:     127.0.0.1:12903 - "GET /api/settings/session-status-fast HTTP/1.1" 200 OK
INFO:     127.0.0.1:4157 - "GET /api/categories HTTP/1.1" 200 OK
2026-04-08 06:03:54.079 | INFO     | app.scraper.browser:start:28 - \U0001f310 Iniciando Playwright browser en modo persistente... Directorio: 
C:\Users\delav\Downloads\dofimall-sniper\dofimall-sniper\backend\browser_data
Task exception was never retrieved
future: <Task finished name='Task-155' coro=<Connection.run() done, defined at C:\Users\delav\Downloads\dofimall-sniper\dofimall-sniper\backend\venv\Lib\site-packages\playwright\_impl\_connection.py:272> 
exception=NotImplementedError()>
Traceback (most recent call last):
  File "C:\Users\delav\Downloads\dofimall-sniper\dofimall-sniper\backend\venv\Lib\site-packages\playwright\_impl\_connection.py", line 279, in run
    await self._transport.connect()
  File "C:\Users\delav\Downloads\dofimall-sniper\dofimall-sniper\backend\venv\Lib\site-packages\playwright\_impl\_transport.py", line 133, in connect
    raise exc
  File "C:\Users\delav\Downloads\dofimall-sniper\dofimall-sniper\backend\venv\Lib\site-packages\playwright\_impl\_transport.py", line 120, in connect
    self._proc = await asyncio.create_subprocess_exec(
                 ^^^^^^^^^^^^^^^^^^^^^^^^^^^^^^^^^^^^^
  File "C:\Users\delav\AppData\Local\Programs\Python\Python312\Lib\asyncio\subprocess.py", line 224, in create_subprocess_exec
    transport, protocol = await loop.subprocess_exec(
                          ^^^^^^^^^^^^^^^^^^^^^^^^^^^
  File "C:\Users\delav\AppData\Local\Programs\Python\Python312\Lib\asyncio\base_events.py", line 1756, in subprocess_exec
    transport = await self._make_subprocess_transport(
                ^^^^^^^^^^^^^^^^^^^^^^^^^^^^^^^^^^^^^^
  File "C:\Users\delav\AppData\Local\Programs\Python\Python312\Lib\asyncio\base_events.py", line 528, in _make_subprocess_transport
    raise NotImplementedError
NotImplementedError
INFO:     127.0.0.1:3921 - "POST /api/settings/force-login HTTP/1.1" 200 OK
Job "Job Synchronizer (trigger: interval[0:00:05], next run at: 2026-04-08 06:03:59 CEST)" raised an exception
Traceback (most recent call last):
  File "C:\Users\delav\Downloads\dofimall-sniper\dofimall-sniper\backend\venv\Lib\site-packages\sqlalchemy\sql\sqltypes.py", line 1625, in _object_value_for_elem
    return self._object_lookup[elem]
           ~~~~~~~~~~~~~~~~~~~^^^^^^
KeyError: 'IN_STOCK'

The above exception was the direct cause of the following exception:

Traceback (most recent call last):
  File "C:\Users\delav\Downloads\dofimall-sniper\dofimall-sniper\backend\venv\Lib\site-packages\apscheduler\executors\base_py3.py", line 30, in run_coroutine_job
    retval = await job.func(*job.args, **job.kwargs)
             ^^^^^^^^^^^^^^^^^^^^^^^^^^^^^^^^^^^^^^^
  File "C:\Users\delav\Downloads\dofimall-sniper\dofimall-sniper\backend\app\main.py", line 317, in job_synchronizer
    result = await db.execute(select(Product))
             ^^^^^^^^^^^^^^^^^^^^^^^^^^^^^^^^^
  File "C:\Users\delav\Downloads\dofimall-sniper\dofimall-sniper\backend\venv\Lib\site-packages\sqlalchemy\ext\asyncio\session.py", line 461, in execute
    result = await greenlet_spawn(
             ^^^^^^^^^^^^^^^^^^^^^
  File "C:\Users\delav\Downloads\dofimall-sniper\dofimall-sniper\backend\venv\Lib\site-packages\sqlalchemy\util\_concurrency_py3k.py", line 203, in greenlet_spawn
    result = context.switch(value)
             ^^^^^^^^^^^^^^^^^^^^^
  File "C:\Users\delav\Downloads\dofimall-sniper\dofimall-sniper\backend\venv\Lib\site-packages\sqlalchemy\orm\session.py", line 2362, in execute
    return self._execute_internal(
           ^^^^^^^^^^^^^^^^^^^^^^^
  File "C:\Users\delav\Downloads\dofimall-sniper\dofimall-sniper\backend\venv\Lib\site-packages\sqlalchemy\orm\session.py", line 2247, in _execute_internal
    result: Result[Any] = compile_state_cls.orm_execute_statement(
                          ^^^^^^^^^^^^^^^^^^^^^^^^^^^^^^^^^^^^^^^^
  File "C:\Users\delav\Downloads\dofimall-sniper\dofimall-sniper\backend\venv\Lib\site-packages\sqlalchemy\orm\context.py", line 308, in orm_execute_statement
    return cls.orm_setup_cursor_result(
           ^^^^^^^^^^^^^^^^^^^^^^^^^^^^
  File "C:\Users\delav\Downloads\dofimall-sniper\dofimall-sniper\backend\venv\Lib\site-packages\sqlalchemy\orm\context.py", line 600, in orm_setup_cursor_result
    return loading.instances(result, querycontext)
           ^^^^^^^^^^^^^^^^^^^^^^^^^^^^^^^^^^^^^^^
  File "C:\Users\delav\Downloads\dofimall-sniper\dofimall-sniper\backend\venv\Lib\site-packages\sqlalchemy\orm\loading.py", line 261, in instances
    _prebuffered = list(chunks(None))
                   ^^^^^^^^^^^^^^^^^^
  File "C:\Users\delav\Downloads\dofimall-sniper\dofimall-sniper\backend\venv\Lib\site-packages\sqlalchemy\orm\loading.py", line 219, in chunks
    fetch = cursor._raw_all_rows()
            ^^^^^^^^^^^^^^^^^^^^^^
  File "C:\Users\delav\Downloads\dofimall-sniper\dofimall-sniper\backend\venv\Lib\site-packages\sqlalchemy\engine\result.py", line 541, in _raw_all_rows
    return [make_row(row) for row in rows]
            ^^^^^^^^^^^^^
  File "lib\\sqlalchemy\\cyextension\\resultproxy.pyx", line 22, in sqlalchemy.cyextension.resultproxy.BaseRow.__init__
  File "lib\\sqlalchemy\\cyextension\\resultproxy.pyx", line 79, in sqlalchemy.cyextension.resultproxy._apply_processors
  File "C:\Users\delav\Downloads\dofimall-sniper\dofimall-sniper\backend\venv\Lib\site-packages\sqlalchemy\sql\sqltypes.py", line 1745, in process
    value = self._object_value_for_elem(value)
            ^^^^^^^^^^^^^^^^^^^^^^^^^^^^^^^^^^
  File "C:\Users\delav\Downloads\dofimall-sniper\dofimall-sniper\backend\venv\Lib\site-packages\sqlalchemy\sql\sqltypes.py", line 1627, in _object_value_for_elem
    raise LookupError(
LookupError: 'IN_STOCK' is not among the defined enum values. Enum name: productstatus. Possible values: MONITORING, PAUSED
WARNING:  WatchFiles detected changes in 'fix.py'. Reloading...
